Component: ARM Compiler 5.06 update 6 (build 750) Tool: armlink [4d35ed]

==============================================================================

Section Cross References

    startup_stm32f10x_hd.o(RESET) refers to startup_stm32f10x_hd.o(STACK) for __initial_sp
    startup_stm32f10x_hd.o(RESET) refers to startup_stm32f10x_hd.o(.text) for Reset_Handler
    startup_stm32f10x_hd.o(RESET) refers to stm32f10x_it.o(.text) for DebugMon_Handler
    startup_stm32f10x_hd.o(RESET) refers to los_dispatch_keil.o(.text) for PendSV_Handler
    startup_stm32f10x_hd.o(RESET) refers to los_hwi.o(.text) for SysTick_Handler
    startup_stm32f10x_hd.o(.text) refers to system_stm32f10x.o(.text) for SystemInit
    startup_stm32f10x_hd.o(.text) refers to entry.o(.ARM.Collect$$$$00000000) for __main
    system_stm32f10x.o(.text) refers to system_stm32f10x.o(.data) for SystemCoreClock
    stm32f10x_adc.o(.text) refers to stm32f10x_rcc.o(.text) for RCC_APB2PeriphResetCmd
    stm32f10x_bkp.o(.text) refers to stm32f10x_rcc.o(.text) for RCC_BackupResetCmd
    stm32f10x_can.o(.text) refers to stm32f10x_rcc.o(.text) for RCC_APB1PeriphResetCmd
    stm32f10x_cec.o(.text) refers to stm32f10x_rcc.o(.text) for RCC_APB1PeriphResetCmd
    stm32f10x_dac.o(.text) refers to stm32f10x_rcc.o(.text) for RCC_APB1PeriphResetCmd
    stm32f10x_gpio.o(.text) refers to stm32f10x_rcc.o(.text) for RCC_APB2PeriphResetCmd
    stm32f10x_i2c.o(.text) refers to stm32f10x_rcc.o(.text) for RCC_APB1PeriphResetCmd
    stm32f10x_pwr.o(.text) refers to stm32f10x_rcc.o(.text) for RCC_APB1PeriphResetCmd
    stm32f10x_rcc.o(.text) refers to stm32f10x_rcc.o(.data) for APBAHBPrescTable
    stm32f10x_spi.o(.text) refers to stm32f10x_rcc.o(.text) for RCC_APB2PeriphResetCmd
    stm32f10x_tim.o(.text) refers to stm32f10x_rcc.o(.text) for RCC_APB2PeriphResetCmd
    stm32f10x_usart.o(.text) refers to stm32f10x_rcc.o(.text) for RCC_APB2PeriphResetCmd
    stm32f10x_wwdg.o(.text) refers to stm32f10x_rcc.o(.text) for RCC_APB1PeriphResetCmd
    main.o(.text) refers to printf8.o(i.__0printf$8) for __2printf
    main.o(.text) refers to los_task.o(.text) for LOS_TaskDelay
    main.o(.text) refers to bsp_ili9341_lcd.o(.text) for LCD_GetFont
    main.o(.text) refers to bsp_usart.o(.text) for USART_Config
    main.o(.text) refers to los_init.o(.text) for LOS_KernelInit
    main.o(.text) refers to main.o(.data) for s_uwTskID1
    main.o(.text) refers to fonts.o(.data) for Font8x16
    main.o(.text) refers to bsp_ili9341_lcd.o(.data) for LCD_Y_LENGTH
    stm32f10x_it.o(.text) refers to stm32f10x_usart.o(.text) for USART_GetITStatus
    bsp_usart.o(.text) refers to misc.o(.text) for NVIC_PriorityGroupConfig
    bsp_usart.o(.text) refers to stm32f10x_rcc.o(.text) for RCC_APB2PeriphClockCmd
    bsp_usart.o(.text) refers to stm32f10x_gpio.o(.text) for GPIO_Init
    bsp_usart.o(.text) refers to stm32f10x_usart.o(.text) for USART_Init
    bsp_spi_flash.o(.text) refers to stm32f10x_rcc.o(.text) for RCC_APB2PeriphClockCmd
    bsp_spi_flash.o(.text) refers to stm32f10x_gpio.o(.text) for GPIO_Init
    bsp_spi_flash.o(.text) refers to stm32f10x_spi.o(.text) for SPI_Init
    bsp_spi_flash.o(.text) refers to printf8.o(i.__0printf$8) for __2printf
    bsp_spi_flash.o(.text) refers to bsp_spi_flash.o(.data) for SPITimeout
    fonts.o(.text) refers to bsp_spi_flash.o(.text) for SPI_FLASH_Init
    fonts.o(.text) refers to fonts.o(.data) for everRead
    fonts.o(.data) refers to fonts.o(.constdata) for ASCII8x16_Table
    bsp_ili9341_lcd.o(.text) refers to stm32f10x_rcc.o(.text) for RCC_APB2PeriphClockCmd
    bsp_ili9341_lcd.o(.text) refers to stm32f10x_gpio.o(.text) for GPIO_Init
    bsp_ili9341_lcd.o(.text) refers to stm32f10x_fsmc.o(.text) for FSMC_NORSRAMInit
    bsp_ili9341_lcd.o(.text) refers to bsp_ili9341_lcd.o(i.ILI9341_Write_Cmd) for ILI9341_Write_Cmd
    bsp_ili9341_lcd.o(.text) refers to bsp_ili9341_lcd.o(i.ILI9341_Write_Data) for ILI9341_Write_Data
    bsp_ili9341_lcd.o(.text) refers to bsp_ili9341_lcd.o(i.ILI9341_Read_Data) for ILI9341_Read_Data
    bsp_ili9341_lcd.o(.text) refers to bsp_ili9341_lcd.o(.data) for LCD_SCAN_MODE
    bsp_ili9341_lcd.o(.text) refers to fonts.o(.text) for GetGBKCode_from_EXFlash
    bsp_ili9341_lcd.o(.text) refers to bsp_ili9341_lcd.o(.bss) for zoomTempBuff
    bsp_ili9341_lcd.o(.text) refers to fonts.o(.data) for Font16x24
    bsp_ili9341_lcd.o(.data) refers to fonts.o(.data) for Font8x16
    los_priqueue.o(.text) refers to los_memory.o(.text) for LOS_MemAlloc
    los_priqueue.o(.text) refers to los_init.o(.data) for m_aucSysMem0
    los_priqueue.o(.text) refers to los_priqueue.o(.data) for g_pstLosPriorityQueueList
    los_swtmr.o(.text) refers to los_queue.o(.text) for LOS_QueueReadCopy
    los_swtmr.o(.text) refers to los_sys.o(.text) for LOS_TickCountGet
    los_swtmr.o(.text) refers to memseta.o(.text) for __aeabi_memclr4
    los_swtmr.o(.text) refers to los_task.o(.text) for LOS_TaskCreate
[...]
    ..\..\HUAWEI_LiteOS\kernel\base\core\los_timeslice.c 0x00000000   Number         0  los_timeslice.o ABSOLUTE
    ..\..\HUAWEI_LiteOS\kernel\base\ipc\los_event.c 0x00000000   Number         0  los_event.o ABSOLUTE
    ..\..\HUAWEI_LiteOS\kernel\base\ipc\los_mux.c 0x00000000   Number         0  los_mux.o ABSOLUTE
    ..\..\HUAWEI_LiteOS\kernel\base\ipc\los_queue.c 0x00000000   Number         0  los_queue.o ABSOLUTE
    ..\..\HUAWEI_LiteOS\kernel\base\ipc\los_sem.c 0x00000000   Number         0  los_sem.o ABSOLUTE
    ..\..\HUAWEI_LiteOS\kernel\base\mem\bestfit_little\los_heap.c 0x00000000   Number         0  los_heap.o ABSOLUTE
    ..\..\HUAWEI_LiteOS\kernel\base\mem\bestfit_little\los_memory.c 0x00000000   Number         0  los_memory.o ABSOLUTE
    ..\..\HUAWEI_LiteOS\kernel\base\mem\common\los_memcheck.c 0x00000000   Number         0  los_memcheck.o ABSOLUTE
    ..\..\HUAWEI_LiteOS\kernel\base\mem\common\los_memstat.c 0x00000000   Number         0  los_memstat.o ABSOLUTE
    ..\..\HUAWEI_LiteOS\kernel\base\mem\common\los_slab.c 0x00000000   Number         0  los_slab.o ABSOLUTE
    ..\..\HUAWEI_LiteOS\kernel\base\mem\common\los_slabmem.c 0x00000000   Number         0  los_slabmem.o ABSOLUTE
    ..\..\HUAWEI_LiteOS\kernel\base\mem\membox\los_membox.c 0x00000000   Number         0  los_membox.o ABSOLUTE
    ..\..\HUAWEI_LiteOS\kernel\base\misc\los_misc.c 0x00000000   Number         0  los_misc.o ABSOLUTE
    ..\..\HUAWEI_LiteOS\kernel\base\om\los_err.c 0x00000000   Number         0  los_err.o ABSOLUTE
    ..\..\HUAWEI_LiteOS\kernel\extended\tickless\los_tickless.c 0x00000000   Number         0  los_tickless.o ABSOLUTE
    ..\..\HUAWEI_LiteOS\kernel\los_init.c    0x00000000   Number         0  los_init.o ABSOLUTE
    ..\..\Libraries\CMSIS\core_cm3.c         0x00000000   Number         0  core_cm3.o ABSOLUTE
    ..\..\Libraries\CMSIS\startup\startup_stm32f10x_hd.s 0x00000000   Number         0  startup_stm32f10x_hd.o ABSOLUTE
    ..\..\Libraries\CMSIS\system_stm32f10x.c 0x00000000   Number         0  system_stm32f10x.o ABSOLUTE
    ..\..\Libraries\FWlib\src\misc.c         0x00000000   Number         0  misc.o ABSOLUTE
    ..\..\Libraries\FWlib\src\stm32f10x_adc.c 0x00000000   Number         0  stm32f10x_adc.o ABSOLUTE
    ..\..\Libraries\FWlib\src\stm32f10x_bkp.c 0x00000000   Number         0  stm32f10x_bkp.o ABSOLUTE
    ..\..\Libraries\FWlib\src\stm32f10x_can.c 0x00000000   Number         0  stm32f10x_can.o ABSOLUTE
    ..\..\Libraries\FWlib\src\stm32f10x_cec.c 0x00000000   Number         0  stm32f10x_cec.o ABSOLUTE
    ..\..\Libraries\FWlib\src\stm32f10x_crc.c 0x00000000   Number         0  stm32f10x_crc.o ABSOLUTE
    ..\..\Libraries\FWlib\src\stm32f10x_dac.c 0x00000000   Number         0  stm32f10x_dac.o ABSOLUTE
    ..\..\Libraries\FWlib\src\stm32f10x_dbgmcu.c 0x00000000   Number         0  stm32f10x_dbgmcu.o ABSOLUTE
    ..\..\Libraries\FWlib\src\stm32f10x_dma.c 0x00000000   Number         0  stm32f10x_dma.o ABSOLUTE
    ..\..\Libraries\FWlib\src\stm32f10x_exti.c 0x00000000   Number         0  stm32f10x_exti.o ABSOLUTE
    ..\..\Libraries\FWlib\src\stm32f10x_flash.c 0x00000000   Number         0  stm32f10x_flash.o ABSOLUTE
    ..\..\Libraries\FWlib\src\stm32f10x_fsmc.c 0x00000000   Number         0  stm32f10x_fsmc.o ABSOLUTE
    ..\..\Libraries\FWlib\src\stm32f10x_gpio.c 0x00000000   Number         0  stm32f10x_gpio.o ABSOLUTE
    ..\..\Libraries\FWlib\src\stm32f10x_i2c.c 0x00000000   Number         0  stm32f10x_i2c.o ABSOLUTE
    ..\..\Libraries\FWlib\src\stm32f10x_iwdg.c 0x00000000   Number         0  stm32f10x_iwdg.o ABSOLUTE
    ..\..\Libraries\FWlib\src\stm32f10x_pwr.c 0x00000000   Number         0  stm32f10x_pwr.o ABSOLUTE
    ..\..\Libraries\FWlib\src\stm32f10x_rcc.c 0x00000000   Number         0  stm32f10x_rcc.o ABSOLUTE
    ..\..\Libraries\FWlib\src\stm32f10x_rtc.c 0x00000000   Number         0  stm32f10x_rtc.o ABSOLUTE
    ..\..\Libraries\FWlib\src\stm32f10x_sdio.c 0x00000000   Number         0  stm32f10x_sdio.o ABSOLUTE
    ..\..\Libraries\FWlib\src\stm32f10x_spi.c 0x00000000   Number         0  stm32f10x_spi.o ABSOLUTE
    ..\..\Libraries\FWlib\src\stm32f10x_tim.c 0x00000000   Number         0  stm32f10x_tim.o ABSOLUTE
    ..\..\Libraries\FWlib\src\stm32f10x_usart.c 0x00000000   Number         0  stm32f10x_usart.o ABSOLUTE
    ..\..\Libraries\FWlib\src\stm32f10x_wwdg.c 0x00000000   Number         0  stm32f10x_wwdg.o ABSOLUTE
    ..\..\User\flash\bsp_spi_flash.c         0x00000000   Number         0  bsp_spi_flash.o ABSOLUTE
    ..\..\User\font\fonts.c                  0x00000000   Number         0  fonts.o ABSOLUTE
    ..\..\User\lcd\bsp_ili9341_lcd.c         0x00000000   Number         0  bsp_ili9341_lcd.o ABSOLUTE
    ..\..\User\main.c                        0x00000000   Number         0  main.o ABSOLUTE
    ..\..\User\stm32f10x_it.c                0x00000000   Number         0  stm32f10x_it.o ABSOLUTE
    ..\..\User\usart\bsp_usart.c             0x00000000   Number         0  bsp_usart.o ABSOLUTE
    ..\\..\\HUAWEI_LiteOS\\arch\\arm\\arm-m\\src\\los_hwi.c 0x00000000   Number         0  los_hwi.o ABSOLUTE
    ..\\..\\Libraries\\CMSIS\\core_cm3.c     0x00000000   Number         0  core_cm3.o ABSOLUTE
    cdrcmple.s                               0x00000000   Number         0  cdrcmple.o ABSOLUTE
    dc.s                                     0x00000000   Number         0  dc.o ABSOLUTE
    handlers.s                               0x00000000   Number         0  handlers.o ABSOLUTE
    init.s                                   0x00000000   Number         0  init.o ABSOLUTE
    RESET                                    0x08000000   Section      304  startup_stm32f10x_hd.o(RESET)
    .ARM.Collect$$$$00000000                 0x08000130   Section        0  entry.o(.ARM.Collect$$$$00000000)
    .ARM.Collect$$$$00000001                 0x08000130   Section        4  entry2.o(.ARM.Collect$$$$00000001)
    .ARM.Collect$$$$00000004                 0x08000134   Section        4  entry5.o(.ARM.Collect$$$$00000004)
    .ARM.Collect$$$$00000008                 0x08000138   Section        0  entry7b.o(.ARM.Collect$$$$00000008)
    .ARM.Collect$$$$0000000A                 0x08000138   Section        0  entry8b.o(.ARM.Collect$$$$0000000A)
    .ARM.Collect$$$$0000000B                 0x08000138   Section        8  entry9a.o(.ARM.Collect$$$$0000000B)
    .ARM.Collect$$$$0000000D                 0x08000140   Section        0  entry10a.o(.ARM.Collect$$$$0000000D)
    .ARM.Collect$$$$0000000F                 0x08000140   Section        0  entry11a.o(.ARM.Collect$$$$0000000F)
    .ARM.Collect$$$$00002712                 0x08000140   Section        4  entry2.o(.ARM.Collect$$$$00002712)
    __lit__00000000                          0x08000140   Data           4  entry2.o(.ARM.Collect$$$$00002712)
    .emb_text                                0x08000144   Section        6  los_hwi.o(.emb_text)
    .text                                    0x0800014c   Section       36  startup_stm32f10x_hd.o(.text)
    .text                                    0x08000170   Section        0  system_stm32f10x.o(.text)
    SetSysClockTo72                          0x08000171   Thumb Code   214  system_stm32f10x.o(.text)
    SetSysClock                              0x08000247   Thumb Code     8  system_stm32f10x.o(.text)
    .text                                    0x08000350   Section        0  misc.o(.text)
    .text                                    0x0800042c   Section        0  stm32f10x_fsmc.o(.text)
    .text                                    0x08000a38   Section        0  stm32f10x_gpio.o(.text)
    .text                                    0x08000d94   Section        0  stm32f10x_rcc.o(.text)
    .text                                    0x08001138   Section        0  stm32f10x_spi.o(.text)
    .text                                    0x08001444   Section        0  stm32f10x_usart.o(.text)
    .text                                    0x0800184c   Section        0  main.o(.text)
    .text                                    0x080019e4   Section        0  stm32f10x_it.o(.text)
    .text                                    0x08001a0c   Section        0  bsp_usart.o(.text)
    NVIC_Configuration                       0x08001a0d   Thumb Code    38  bsp_usart.o(.text)
    .text                                    0x08001bb0   Section        0  bsp_spi_flash.o(.text)
    SPI_TIMEOUT_UserCallback                 0x08001c63   Thumb Code    16  bsp_spi_flash.o(.text)
    .text                                    0x0800212c   Section        0  fonts.o(.text)
    .text                                    0x08002180   Section        0  bsp_ili9341_lcd.o(.text)
    ILI9341_Delay                            0x08002181   Thumb Code    18  bsp_ili9341_lcd.o(.text)
    ILI9341_GPIO_Config                      0x08002193   Thumb Code   398  bsp_ili9341_lcd.o(.text)
    ILI9341_FSMC_Config                      0x08002321   Thumb Code    94  bsp_ili9341_lcd.o(.text)
    ILI9341_REG_Config                       0x0800237f   Thumb Code   570  bsp_ili9341_lcd.o(.text)
    ILI9341_SetCursor                        0x08002729   Thumb Code    20  bsp_ili9341_lcd.o(.text)
    ILI9341_FillColor                        0x0800273d   Thumb Code    32  bsp_ili9341_lcd.o(.text)
    ILI9341_Read_PixelData                   0x080027af   Thumb Code    54  bsp_ili9341_lcd.o(.text)
    .text                                    0x080032ec   Section        0  los_priqueue.o(.text)
    LOS_ListEmpty                            0x0800340f   Thumb Code    16  los_priqueue.o(.text)
    .text                                    0x0800342c   Section        0  los_swtmr.o(.text)
    osSwtmrDelete                            0x08003719   Thumb Code    40  los_swtmr.o(.text)
    osSwTmrTimeoutHandle                     0x080037b5   Thumb Code   164  los_swtmr.o(.text)
    .text                                    0x08003cfc   Section        0  los_sys.o(.text)
    .text                                    0x08003e58   Section        0  los_task.o(.text)
    LOS_ListAdd                              0x08003e59   Thumb Code    14  los_task.o(.text)
    LOS_ListDelete                           0x08003e67   Thumb Code    20  los_task.o(.text)
    LOS_ListInit                             0x08005061   Thumb Code    44  los_task.o(.text)
    LOS_ListTailInsert                       0x0800508d   Thumb Code    16  los_task.o(.text)
    LOS_ListEmpty                            0x0800509d   Thumb Code    16  los_task.o(.text)
    .text                                    0x080050ac   Section        0  los_tick.o(.text)
    .text                                    0x080050dc   Section        0  los_timeslice.o(.text)
    .text                                    0x08005134   Section        0  los_mux.o(.text)
    LOS_ListAdd                              0x08005135   Thumb Code    14  los_mux.o(.text)
    LOS_ListInit                             0x080054b5   Thumb Code     6  los_mux.o(.text)
    LOS_ListEmpty                            0x080054bb   Thumb Code    16  los_mux.o(.text)
    .text                                    0x08005528   Section        0  los_queue.o(.text)
    LOS_ListAdd                              0x08005529   Thumb Code    14  los_queue.o(.text)
    osQueueReadParameterCheck                0x0800566b   Thumb Code    62  los_queue.o(.text)
    osQueueWriteParameterCheck               0x080056a9   Thumb Code    60  los_queue.o(.text)
    osQueueBufferOperate                     0x080056e5   Thumb Code   226  los_queue.o(.text)
    LOS_ListInit                             0x08005d7d   Thumb Code     6  los_queue.o(.text)
    LOS_ListEmpty                            0x08005d83   Thumb Code    16  los_queue.o(.text)
    .text                                    0x08005da8   Section        0  los_sem.o(.text)
    LOS_ListAdd                              0x08005da9   Thumb Code    14  los_sem.o(.text)
    LOS_ListInit                             0x080060f7   Thumb Code     6  los_sem.o(.text)
    LOS_ListEmpty                            0x080060fd   Thumb Code    16  los_sem.o(.text)
    .text                                    0x0800618c   Section        0  los_heap.o(.text)
    .text                                    0x08006598   Section        0  los_memory.o(.text)
    .text                                    0x080068ec   Section        0  los_slab.o(.text)
    .text                                    0x08006c06   Section        0  los_slabmem.o(.text)
    .text                                    0x08006f34   Section        0  los_membox.o(.text)
    .text                                    0x080070e0   Section        0  los_misc.o(.text)
    .text                                    0x08007128   Section        0  los_err.o(.text)
    .text                                    0x0800716c   Section        0  los_init.o(.text)
    osRegister                               0x08007183   Thumb Code     8  los_init.o(.text)
    .text                                    0x080072e4   Section        0  los_hw.o(.text)
    .text                                    0x080073c8   Section        0  los_hw_tick.o(.text)
    .text                                    0x08007574   Section        0  los_hwi.o(.text)
    .text                                    0x080075a0   Section      204  los_dispatch_keil.o(.text)
    .text                                    0x0800766c   Section        0  uldiv.o(.text)
    .text                                    0x080076ce   Section        0  memcpya.o(.text)
    .text                                    0x080076f2   Section        0  memseta.o(.text)
    .text                                    0x08007716   Section        0  strncpy.o(.text)
    .text                                    0x0800772e   Section        0  ddiv.o(.text)
    .text                                    0x0800780c   Section        0  dfltui.o(.text)
    .text                                    0x08007826   Section        0  dfltul.o(.text)
    .text                                    0x0800783e   Section        0  dfixul.o(.text)
    .text                                    0x0800786e   Section        0  llshl.o(.text)
    .text                                    0x0800788c   Section        0  llushr.o(.text)
    .text                                    0x080078ac   Section        0  iusefp.o(.text)
    .text                                    0x080078ac   Section        0  depilogue.o(.text)
    .text                                    0x08007968   Section       36  init.o(.text)
    .text                                    0x0800798c   Section        0  __dczerorl2.o(.text)
    i.ILI9341_Read_Data                      0x080079e4   Section        0  bsp_ili9341_lcd.o(i.ILI9341_Read_Data)
    i.ILI9341_Write_Cmd                      0x080079f0   Section        0  bsp_ili9341_lcd.o(i.ILI9341_Write_Cmd)
    i.ILI9341_Write_Data                     0x080079f8   Section        0  bsp_ili9341_lcd.o(i.ILI9341_Write_Data)
    i.__0printf$8                            0x08007a04   Section        0  printf8.o(i.__0printf$8)
    i.__scatterload_copy                     0x08007a24   Section       14  handlers.o(i.__scatterload_copy)
    i.__scatterload_null                     0x08007a32   Section        2  handlers.o(i.__scatterload_null)
    i.__scatterload_zeroinit                 0x08007a34   Section       14  handlers.o(i.__scatterload_zeroinit)
    i._printf_core                           0x08007a44   Section        0  printf8.o(i._printf_core)
    _printf_core                             0x08007a45   Thumb Code   996  printf8.o(i._printf_core)
    i._printf_post_padding                   0x08007e54   Section        0  printf8.o(i._printf_post_padding)
    _printf_post_padding                     0x08007e55   Thumb Code    36  printf8.o(i._printf_post_padding)
    i._printf_pre_padding                    0x08007e78   Section        0  printf8.o(i._printf_pre_padding)
    _printf_pre_padding                      0x08007e79   Thumb Code    46  printf8.o(i._printf_pre_padding)
    i.osAtomicBitsetGetNumBits               0x08007ea6   Section        0  los_slab.o(i.osAtomicBitsetGetNumBits)
    .constdata                               0x08007eac   Section    15200  fonts.o(.constdata)
    .conststring                             0x0800ba0c   Section      336  los_task.o(.conststring)
    .data                                    0x20000000   Section       20  system_stm32f10x.o(.data)
    .data                                    0x20000014   Section       20  stm32f10x_rcc.o(.data)
    APBAHBPrescTable                         0x20000014   Data          16  stm32f10x_rcc.o(.data)
    ADCPrescTable                            0x20000024   Data           4  stm32f10x_rcc.o(.data)
    .data                                    0x20000028   Section        8  main.o(.data)
    s_uwTskID1                               0x20000028   Data           4  main.o(.data)
    s_uwTskID2                               0x2000002c   Data           4  main.o(.data)
    .data                                    0x20000030   Section        4  bsp_spi_flash.o(.data)
    SPITimeout                               0x20000030   Data           4  bsp_spi_flash.o(.data)
    .data                                    0x20000034   Section       25  fonts.o(.data)
    everRead                                 0x2000004c   Data           1  fonts.o(.data)
    .data                                    0x20000050   Section       16  bsp_ili9341_lcd.o(.data)
    LCD_Currentfonts                         0x20000058   Data           4  bsp_ili9341_lcd.o(.data)
    CurrentTextColor                         0x2000005c   Data           2  bsp_ili9341_lcd.o(.data)
    CurrentBackColor                         0x2000005e   Data           2  bsp_ili9341_lcd.o(.data)
    .data                                    0x20000060   Section        8  los_priqueue.o(.data)
    g_uwPriQueueBitmap                       0x20000064   Data           4  los_priqueue.o(.data)
    .data                                    0x20000068   Section       28  los_swtmr.o(.data)
    m_uwSwtimerRousesTime                    0x20000078   Data           4  los_swtmr.o(.data)
    m_pstRouses                              0x2000007c   Data           4  los_swtmr.o(.data)
    m_pstRousesPrev                          0x20000080   Data           4  los_swtmr.o(.data)
    .data                                    0x20000084   Section       72  los_task.o(.data)
    .data                                    0x200000d0   Section       28  los_tick.o(.data)
    .data                                    0x200000ec   Section        8  los_timeslice.o(.data)
    .data                                    0x200000f4   Section       12  los_mux.o(.data)
    .data                                    0x20000100   Section       12  los_queue.o(.data)
    .data                                    0x2000010c   Section       12  los_sem.o(.data)
    .data                                    0x20000118   Section       16  los_heap.o(.data)
    g_uwAllocCount                           0x20000118   Data           4  los_heap.o(.data)
    g_uwFreeCount                            0x2000011c   Data           4  los_heap.o(.data)
    g_uwCurHeapUsed                          0x20000120   Data           4  los_heap.o(.data)
    g_uwMaxHeapUsed                          0x20000124   Data           4  los_heap.o(.data)
    .data                                    0x20000128   Section        4  los_memory.o(.data)
    .data                                    0x2000012c   Section        4  los_err.o(.data)
    .data                                    0x20000130   Section        4  los_init.o(.data)
    .data                                    0x20000134   Section        4  stdout.o(.data)
    .bss                                     0x20000138   Section    17408  bsp_ili9341_lcd.o(.bss)
    .bss                                     0x20004538   Section       64  los_swtmr.o(.bss)
    .bss                                     0x20004578   Section      342  los_task.o(.bss)
    STACK                                    0x200046d0   Section     1024  startup_stm32f10x_hd.o(STACK)

    Global Symbols

    Symbol Name                              Value     Ov Type        Size  Object(Section)

    BuildAttributes$$THM_ISAv4$P$D$K$B$S$PE$A:L22UL41UL21$X:L11$S22US41US21$IEEE1$IW$USESV6$~STKCKD$USESV7$~SHL$OSPACE$ROPI$EBA8$MICROLIB$REQ8$PRES8$EABIv2 0x00000000   Number         0  anon$$obj.o ABSOLUTE
    __ARM_use_no_argv                        0x00000000   Number         0  main.o ABSOLUTE
    _printf_a                                0x00000000   Number         0  stubs.o ABSOLUTE
    _printf_c                                0x00000000   Number         0  stubs.o ABSOLUTE
    _printf_charcount                        0x00000000   Number         0  stubs.o ABSOLUTE
    _printf_d                                0x00000000   Number         0  stubs.o ABSOLUTE
    _printf_e                                0x00000000   Number         0  stubs.o ABSOLUTE
    _printf_f                                0x00000000   Number         0  stubs.o ABSOLUTE
    _printf_flags                            0x00000000   Number         0  stubs.o ABSOLUTE
    _printf_fp_dec                           0x00000000   Number         0  stubs.o ABSOLUTE
    _printf_fp_hex                           0x00000000   Number         0  stubs.o ABSOLUTE
    _printf_g                                0x00000000   Number         0  stubs.o ABSOLUTE
    _printf_i                                0x00000000   Number         0  stubs.o ABSOLUTE
    _printf_int_dec                          0x00000000   Number         0  stubs.o ABSOLUTE
    _printf_l                                0x00000000   Number         0  stubs.o ABSOLUTE
    _printf_lc                               0x00000000   Number         0  stubs.o ABSOLUTE
    _printf_ll                               0x00000000   Number         0  stubs.o ABSOLUTE
    _printf_lld                              0x00000000   Number         0  stubs.o ABSOLUTE
    _printf_lli                              0x00000000   Number         0  stubs.o ABSOLUTE
    _printf_llo                              0x00000000   Number         0  stubs.o ABSOLUTE
    _printf_llu                              0x00000000   Number         0  stubs.o ABSOLUTE
    _printf_llx                              0x00000000   Number         0  stubs.o ABSOLUTE
    _printf_longlong_dec                     0x00000000   Number         0  stubs.o ABSOLUTE
    _printf_longlong_hex                     0x00000000   Number         0  stubs.o ABSOLUTE
    _printf_longlong_oct                     0x00000000   Number         0  stubs.o ABSOLUTE
    _printf_ls                               0x00000000   Number         0  stubs.o ABSOLUTE
    _printf_mbtowc                           0x00000000   Number         0  stubs.o ABSOLUTE
    _printf_n                                0x00000000   Number         0  stubs.o ABSOLUTE
    _printf_o                                0x00000000   Number         0  stubs.o ABSOLUTE
    _printf_p                                0x00000000   Number         0  stubs.o ABSOLUTE
    _printf_percent                          0x00000000   Number         0  stubs.o ABSOLUTE
    _printf_pre_padding                      0x00000000   Number         0  stubs.o ABSOLUTE
    _printf_return_value                     0x00000000   Number         0  stubs.o ABSOLUTE
    _printf_s                                0x00000000   Number         0  stubs.o ABSOLUTE
    _printf_sizespec                         0x00000000   Number         0  stubs.o ABSOLUTE
    _printf_str                              0x00000000   Number         0  stubs.o ABSOLUTE
    _printf_truncate_signed                  0x00000000   Number         0  stubs.o ABSOLUTE
    _printf_truncate_unsigned                0x00000000   Number         0  stubs.o ABSOLUTE
    _printf_u                                0x00000000   Number         0  stubs.o ABSOLUTE
    _printf_wc                               0x00000000   Number         0  stubs.o ABSOLUTE
    _printf_wctomb                           0x00000000   Number         0  stubs.o ABSOLUTE
    _printf_widthprec                        0x00000000   Number         0  stubs.o ABSOLUTE
    _printf_x                                0x00000000   Number         0  stubs.o ABSOLUTE
    __cpp_initialize__aeabi_                  - Undefined Weak Reference
    __cxa_finalize                            - Undefined Weak Reference
    _clock_init                               - Undefined Weak Reference
    _microlib_exit                            - Undefined Weak Reference
    __Vectors_Size                           0x00000130   Number         0  startup_stm32f10x_hd.o ABSOLUTE
    __Vectors                                0x08000000   Data           4  startup_stm32f10x_hd.o(RESET)
    __Vectors_End                            0x08000130   Data           0  startup_stm32f10x_hd.o(RESET)
    __main                                   0x08000131   Thumb Code     0  entry.o(.ARM.Collect$$$$00000000)
    _main_stk                                0x08000131   Thumb Code     0  entry2.o(.ARM.Collect$$$$00000001)
    _main_scatterload                        0x08000135   Thumb Code     0  entry5.o(.ARM.Collect$$$$00000004)
    __main_after_scatterload                 0x08000139   Thumb Code     0  entry5.o(.ARM.Collect$$$$00000004)
    _main_clock                              0x08000139   Thumb Code     0  entry7b.o(.ARM.Collect$$$$00000008)
    _main_cpp_init                           0x08000139   Thumb Code     0  entry8b.o(.ARM.Collect$$$$0000000A)
    _main_init                               0x08000139   Thumb Code     0  entry9a.o(.ARM.Collect$$$$0000000B)
    __rt_final_cpp                           0x08000141   Thumb Code     0  entry10a.o(.ARM.Collect$$$$0000000D)
    __rt_final_exit                          0x08000141   Thumb Code     0  entry11a.o(.ARM.Collect$$$$0000000F)
    osIntNumGet                              0x08000145   Thumb Code     6  los_hwi.o(.emb_text)
    Reset_Handler                            0x0800014d   Thumb Code     8  startup_stm32f10x_hd.o(.text)
    NMI_Handler                              0x08000155   Thumb Code     2  startup_stm32f10x_hd.o(.text)
    HardFault_Handler                        0x08000157   Thumb Code     2  startup_stm32f10x_hd.o(.text)
    MemManage_Handler                        0x08000159   Thumb Code     2  startup_stm32f10x_hd.o(.text)
    BusFault_Handler                         0x0800015b   Thumb Code     2  startup_stm32f10x_hd.o(.text)
    UsageFault_Handler                       0x0800015d   Thumb Code     2  startup_stm32f10x_hd.o(.text)
    SVC_Handler                              0x0800015f   Thumb Code     2  startup_stm32f10x_hd.o(.text)
    ADC1_2_IRQHandler                        0x08000167   Thumb Code     0  startup_stm32f10x_hd.o(.text)
    ADC3_IRQHandler                          0x08000167   Thumb Code     0  startup_stm32f10x_hd.o(.text)
    CAN1_RX1_IRQHandler                      0x08000167   Thumb Code     0  startup_stm32f10x_hd.o(.text)
    CAN1_SCE_IRQHandler                      0x08000167   Thumb Code     0  startup_stm32f10x_hd.o(.text)
    DMA1_Channel1_IRQHandler                 0x08000167   Thumb Code     0  startup_stm32f10x_hd.o(.text)
    DMA1_Channel2_IRQHandler                 0x08000167   Thumb Code     0  startup_stm32f10x_hd.o(.text)
    DMA1_Channel3_IRQHandler                 0x08000167   Thumb Code     0  startup_stm32f10x_hd.o(.text)
    DMA1_Channel4_IRQHandler                 0x08000167   Thumb Code     0  startup_stm32f10x_hd.o(.text)
    DMA1_Channel5_IRQHandler                 0x08000167   Thumb Code     0  startup_stm32f10x_hd.o(.text)
    DMA1_Channel6_IRQHandler                 0x08000167   Thumb Code     0  startup_stm32f10x_hd.o(.text)
    DMA1_Channel7_IRQHandler                 0x08000167   Thumb Code     0  startup_stm32f10x_hd.o(.text)
    DMA2_Channel1_IRQHandler                 0x08000167   Thumb Code     0  startup_stm32f10x_hd.o(.text)
    DMA2_Channel2_IRQHandler                 0x08000167   Thumb Code     0  startup_stm32f10x_hd.o(.text)
    DMA2_Channel3_IRQHandler                 0x08000167   Thumb Code     0  startup_stm32f10x_hd.o(.text)
    DMA2_Channel4_5_IRQHandler               0x08000167   Thumb Code     0  startup_stm32f10x_hd.o(.text)
    EXTI0_IRQHandler                         0x08000167   Thumb Code     0  startup_stm32f10x_hd.o(.text)
    EXTI15_10_IRQHandler                     0x08000167   Thumb Code     0  startup_stm32f10x_hd.o(.text)
    EXTI1_IRQHandler                         0x08000167   Thumb Code     0  startup_stm32f10x_hd.o(.text)
    EXTI2_IRQHandler                         0x08000167   Thumb Code     0  startup_stm32f10x_hd.o(.text)
    EXTI3_IRQHandler                         0x08000167   Thumb Code     0  startup_stm32f10x_hd.o(.text)
    EXTI4_IRQHandler                         0x08000167   Thumb Code     0  startup_stm32f10x_hd.o(.text)
    EXTI9_5_IRQHandler                       0x08000167   Thumb Code     0  startup_stm32f10x_hd.o(.text)
    FLASH_IRQHandler                         0x08000167   Thumb Code     0  startup_stm32f10x_hd.o(.text)
    FSMC_IRQHandler                          0x08000167   Thumb Code     0  startup_stm32f10x_hd.o(.text)
    I2C1_ER_IRQHandler                       0x08000167   Thumb Code     0  startup_stm32f10x_hd.o(.text)
    I2C1_EV_IRQHandler                       0x08000167   Thumb Code     0  startup_stm32f10x_hd.o(.text)
    I2C2_ER_IRQHandler                       0x08000167   Thumb Code     0  startup_stm32f10x_hd.o(.text)
    I2C2_EV_IRQHandler                       0x08000167   Thumb Code     0  startup_stm32f10x_hd.o(.text)
    PVD_IRQHandler                           0x08000167   Thumb Code     0  startup_stm32f10x_hd.o(.text)
    RCC_IRQHandler                           0x08000167   Thumb Code     0  startup_stm32f10x_hd.o(.text)
    RTCAlarm_IRQHandler                      0x08000167   Thumb Code     0  startup_stm32f10x_hd.o(.text)
    RTC_IRQHandler                           0x08000167   Thumb Code     0  startup_stm32f10x_hd.o(.text)
    SDIO_IRQHandler                          0x08000167   Thumb Code     0  startup_stm32f10x_hd.o(.text)
    SPI1_IRQHandler                          0x08000167   Thumb Code     0  startup_stm32f10x_hd.o(.text)
    SPI2_IRQHandler                          0x08000167   Thumb Code     0  startup_stm32f10x_hd.o(.text)
    SPI3_IRQHandler                          0x08000167   Thumb Code     0  startup_stm32f10x_hd.o(.text)
    TAMPER_IRQHandler                        0x08000167   Thumb Code     0  startup_stm32f10x_hd.o(.text)
    TIM1_BRK_IRQHandler                      0x08000167   Thumb Code     0  startup_stm32f10x_hd.o(.text)
    TIM1_CC_IRQHandler                       0x08000167   Thumb Code     0  startup_stm32f10x_hd.o(.text)
    TIM1_TRG_COM_IRQHandler                  0x08000167   Thumb Code     0  startup_stm32f10x_hd.o(.text)
    TIM1_UP_IRQHandler                       0x08000167   Thumb Code     0  startup_stm32f10x_hd.o(.text)
    TIM2_IRQHandler                          0x08000167   Thumb Code     0  startup_stm32f10x_hd.o(.text)
    TIM3_IRQHandler                          0x08000167   Thumb Code     0  startup_stm32f10x_hd.o(.text)
    TIM4_IRQHandler                          0x08000167   Thumb Code     0  startup_stm32f10x_hd.o(.text)
    TIM5_IRQHandler                          0x08000167   Thumb Code     0  startup_stm32f10x_hd.o(.text)
    TIM6_IRQHandler                          0x08000167   Thumb Code     0  startup_stm32f10x_hd.o(.text)
    TIM7_IRQHandler                          0x08000167   Thumb Code     0  startup_stm32f10x_hd.o(.text)
    TIM8_BRK_IRQHandler                      0x08000167   Thumb Code     0  startup_stm32f10x_hd.o(.text)
    TIM8_CC_IRQHandler                       0x08000167   Thumb Code     0  startup_stm32f10x_hd.o(.text)
    TIM8_TRG_COM_IRQHandler                  0x08000167   Thumb Code     0  startup_stm32f10x_hd.o(.text)
    TIM8_UP_IRQHandler                       0x08000167   Thumb Code     0  startup_stm32f10x_hd.o(.text)
    UART4_IRQHandler                         0x08000167   Thumb Code     0  startup_stm32f10x_hd.o(.text)
    UART5_IRQHandler                         0x08000167   Thumb Code     0  startup_stm32f10x_hd.o(.text)
    USART2_IRQHandler                        0x08000167   Thumb Code     0  startup_stm32f10x_hd.o(.text)
    USART3_IRQHandler                        0x08000167   Thumb Code     0  startup_stm32f10x_hd.o(.text)
    USBWakeUp_IRQHandler                     0x08000167   Thumb Code     0  startup_stm32f10x_hd.o(.text)
    USB_HP_CAN1_TX_IRQHandler                0x08000167   Thumb Code     0  startup_stm32f10x_hd.o(.text)
    USB_LP_CAN1_RX0_IRQHandler               0x08000167   Thumb Code     0  startup_stm32f10x_hd.o(.text)
    WWDG_IRQHandler                          0x08000167   Thumb Code     0  startup_stm32f10x_hd.o(.text)
    SystemInit                               0x0800024f   Thumb Code    78  system_stm32f10x.o(.text)
    SystemCoreClockUpdate                    0x0800029d   Thumb Code   142  system_stm32f10x.o(.text)
    NVIC_PriorityGroupConfig                 0x08000351   Thumb Code    10  misc.o(.text)
    NVIC_Init                                0x0800035b   Thumb Code   100  misc.o(.text)
    NVIC_SetVectorTable                      0x080003bf   Thumb Code    14  misc.o(.text)
    NVIC_SystemLPConfig                      0x080003cd   Thumb Code    34  misc.o(.text)
    SysTick_CLKSourceConfig                  0x080003ef   Thumb Code    40  misc.o(.text)
    FSMC_NORSRAMDeInit                       0x0800042d   Thumb Code    54  stm32f10x_fsmc.o(.text)
    FSMC_NANDDeInit                          0x08000463   Thumb Code    62  stm32f10x_fsmc.o(.text)
    FSMC_PCCARDDeInit                        0x080004a1   Thumb Code    36  stm32f10x_fsmc.o(.text)
    FSMC_NORSRAMInit                         0x080004c5   Thumb Code   230  stm32f10x_fsmc.o(.text)
    FSMC_NANDInit                            0x080005ab   Thumb Code   132  stm32f10x_fsmc.o(.text)
    FSMC_PCCARDInit                          0x0800062f   Thumb Code   130  stm32f10x_fsmc.o(.text)
    FSMC_NORSRAMStructInit                   0x080006b1   Thumb Code   114  stm32f10x_fsmc.o(.text)
    FSMC_NANDStructInit                      0x08000723   Thumb Code    54  stm32f10x_fsmc.o(.text)
    FSMC_PCCARDStructInit                    0x08000759   Thumb Code    60  stm32f10x_fsmc.o(.text)
    FSMC_NORSRAMCmd                          0x08000795   Thumb Code    46  stm32f10x_fsmc.o(.text)
    FSMC_NANDCmd                             0x080007c3   Thumb Code    86  stm32f10x_fsmc.o(.text)
    FSMC_PCCARDCmd                           0x08000819   Thumb Code    44  stm32f10x_fsmc.o(.text)
    FSMC_NANDECCCmd                          0x08000845   Thumb Code    90  stm32f10x_fsmc.o(.text)
    FSMC_GetECC                              0x0800089f   Thumb Code    24  stm32f10x_fsmc.o(.text)
    FSMC_ITConfig                            0x080008b7   Thumb Code   128  stm32f10x_fsmc.o(.text)
    FSMC_GetFlagStatus                       0x08000937   Thumb Code    54  stm32f10x_fsmc.o(.text)
    FSMC_ClearFlag                           0x0800096d   Thumb Code    62  stm32f10x_fsmc.o(.text)
    FSMC_GetITStatus                         0x080009ab   Thumb Code    64  stm32f10x_fsmc.o(.text)
    FSMC_ClearITPendingBit                   0x080009eb   Thumb Code    68  stm32f10x_fsmc.o(.text)
    GPIO_DeInit                              0x08000a39   Thumb Code   172  stm32f10x_gpio.o(.text)
    GPIO_AFIODeInit                          0x08000ae5   Thumb Code    20  stm32f10x_gpio.o(.text)
    GPIO_Init                                0x08000af9   Thumb Code   278  stm32f10x_gpio.o(.text)
    GPIO_StructInit                          0x08000c0f   Thumb Code    16  stm32f10x_gpio.o(.text)
    GPIO_ReadInputDataBit                    0x08000c1f   Thumb Code    18  stm32f10x_gpio.o(.text)
    GPIO_ReadInputData                       0x08000c31   Thumb Code     8  stm32f10x_gpio.o(.text)
    GPIO_ReadOutputDataBit                   0x08000c39   Thumb Code    18  stm32f10x_gpio.o(.text)
    GPIO_ReadOutputData                      0x08000c4b   Thumb Code     8  stm32f10x_gpio.o(.text)
    GPIO_SetBits                             0x08000c53   Thumb Code     4  stm32f10x_gpio.o(.text)
    GPIO_ResetBits                           0x08000c57   Thumb Code     4  stm32f10x_gpio.o(.text)
    GPIO_WriteBit                            0x08000c5b   Thumb Code    10  stm32f10x_gpio.o(.text)
    GPIO_Write                               0x08000c65   Thumb Code     4  stm32f10x_gpio.o(.text)
    GPIO_PinLockConfig                       0x08000c69   Thumb Code    18  stm32f10x_gpio.o(.text)
    GPIO_EventOutputConfig                   0x08000c7b   Thumb Code    26  stm32f10x_gpio.o(.text)
    GPIO_EventOutputCmd                      0x08000c95   Thumb Code     6  stm32f10x_gpio.o(.text)
    GPIO_PinRemapConfig                      0x08000c9b   Thumb Code   138  stm32f10x_gpio.o(.text)
    GPIO_EXTILineConfig                      0x08000d25   Thumb Code    66  stm32f10x_gpio.o(.text)
    GPIO_ETH_MediaInterfaceConfig            0x08000d67   Thumb Code     8  stm32f10x_gpio.o(.text)
    RCC_DeInit                               0x08000d95   Thumb Code    64  stm32f10x_rcc.o(.text)
    RCC_HSEConfig                            0x08000dd5   Thumb Code    70  stm32f10x_rcc.o(.text)
    RCC_GetFlagStatus                        0x08000e1b   Thumb Code    56  stm32f10x_rcc.o(.text)
    RCC_WaitForHSEStartUp                    0x08000e53   Thumb Code    56  stm32f10x_rcc.o(.text)
    RCC_AdjustHSICalibrationValue            0x08000e8b   Thumb Code    20  stm32f10x_rcc.o(.text)
    RCC_HSICmd                               0x08000e9f   Thumb Code     6  stm32f10x_rcc.o(.text)
    RCC_PLLConfig                            0x08000ea5   Thumb Code    24  stm32f10x_rcc.o(.text)
    RCC_PLLCmd                               0x08000ebd   Thumb Code     6  stm32f10x_rcc.o(.text)
    RCC_SYSCLKConfig                         0x08000ec3   Thumb Code    18  stm32f10x_rcc.o(.text)
    RCC_GetSYSCLKSource                      0x08000ed5   Thumb Code    10  stm32f10x_rcc.o(.text)
    RCC_HCLKConfig                           0x08000edf   Thumb Code    18  stm32f10x_rcc.o(.text)
    RCC_PCLK1Config                          0x08000ef1   Thumb Code    18  stm32f10x_rcc.o(.text)
    RCC_PCLK2Config                          0x08000f03   Thumb Code    20  stm32f10x_rcc.o(.text)
    RCC_ITConfig                             0x08000f17   Thumb Code    26  stm32f10x_rcc.o(.text)
    RCC_USBCLKConfig                         0x08000f31   Thumb Code     8  stm32f10x_rcc.o(.text)
    RCC_ADCCLKConfig                         0x08000f39   Thumb Code    18  stm32f10x_rcc.o(.text)
    RCC_LSEConfig                            0x08000f4b   Thumb Code    50  stm32f10x_rcc.o(.text)
    RCC_LSICmd                               0x08000f7d   Thumb Code     6  stm32f10x_rcc.o(.text)
    RCC_RTCCLKConfig                         0x08000f83   Thumb Code    12  stm32f10x_rcc.o(.text)
    RCC_RTCCLKCmd                            0x08000f8f   Thumb Code     8  stm32f10x_rcc.o(.text)
    RCC_GetClocksFreq                        0x08000f97   Thumb Code   192  stm32f10x_rcc.o(.text)
    RCC_AHBPeriphClockCmd                    0x08001057   Thumb Code    26  stm32f10x_rcc.o(.text)
    RCC_APB2PeriphClockCmd                   0x08001071   Thumb Code    26  stm32f10x_rcc.o(.text)
    RCC_APB1PeriphClockCmd                   0x0800108b   Thumb Code    26  stm32f10x_rcc.o(.text)
    RCC_APB2PeriphResetCmd                   0x080010a5   Thumb Code    26  stm32f10x_rcc.o(.text)
    RCC_APB1PeriphResetCmd                   0x080010bf   Thumb Code    26  stm32f10x_rcc.o(.text)
    RCC_BackupResetCmd                       0x080010d9   Thumb Code     8  stm32f10x_rcc.o(.text)
    RCC_ClockSecuritySystemCmd               0x080010e1   Thumb Code     6  stm32f10x_rcc.o(.text)
    RCC_MCOConfig                            0x080010e7   Thumb Code     6  stm32f10x_rcc.o(.text)
    RCC_ClearFlag                            0x080010ed   Thumb Code    14  stm32f10x_rcc.o(.text)
    RCC_GetITStatus                          0x080010fb   Thumb Code    20  stm32f10x_rcc.o(.text)
    RCC_ClearITPendingBit                    0x0800110f   Thumb Code     6  stm32f10x_rcc.o(.text)
    SPI_I2S_DeInit                           0x08001139   Thumb Code    76  stm32f10x_spi.o(.text)
    SPI_Init                                 0x08001185   Thumb Code    60  stm32f10x_spi.o(.text)
    I2S_Init                                 0x080011c1   Thumb Code   226  stm32f10x_spi.o(.text)
    SPI_StructInit                           0x080012a3   Thumb Code    24  stm32f10x_spi.o(.text)
    I2S_StructInit                           0x080012bb   Thumb Code    20  stm32f10x_spi.o(.text)
    SPI_Cmd                                  0x080012cf   Thumb Code    24  stm32f10x_spi.o(.text)
    I2S_Cmd                                  0x080012e7   Thumb Code    24  stm32f10x_spi.o(.text)
    SPI_I2S_ITConfig                         0x080012ff   Thumb Code    32  stm32f10x_spi.o(.text)
    SPI_I2S_DMACmd                           0x0800131f   Thumb Code    18  stm32f10x_spi.o(.text)
    SPI_I2S_SendData                         0x08001331   Thumb Code     4  stm32f10x_spi.o(.text)
    SPI_I2S_ReceiveData                      0x08001335   Thumb Code     6  stm32f10x_spi.o(.text)
    SPI_NSSInternalSoftwareConfig            0x0800133b   Thumb Code    30  stm32f10x_spi.o(.text)
    SPI_SSOutputCmd                          0x08001359   Thumb Code    24  stm32f10x_spi.o(.text)
    SPI_DataSizeConfig                       0x08001371   Thumb Code    18  stm32f10x_spi.o(.text)
    SPI_TransmitCRC                          0x08001383   Thumb Code    10  stm32f10x_spi.o(.text)
    SPI_CalculateCRC                         0x0800138d   Thumb Code    24  stm32f10x_spi.o(.text)
    SPI_GetCRC                               0x080013a5   Thumb Code    16  stm32f10x_spi.o(.text)
    SPI_GetCRCPolynomial                     0x080013b5   Thumb Code     6  stm32f10x_spi.o(.text)
    SPI_BiDirectionalLineConfig              0x080013bb   Thumb Code    28  stm32f10x_spi.o(.text)
    SPI_I2S_GetFlagStatus                    0x080013d7   Thumb Code    18  stm32f10x_spi.o(.text)
    SPI_I2S_ClearFlag                        0x080013e9   Thumb Code     6  stm32f10x_spi.o(.text)
    SPI_I2S_GetITStatus                      0x080013ef   Thumb Code    52  stm32f10x_spi.o(.text)
    SPI_I2S_ClearITPendingBit                0x08001423   Thumb Code    20  stm32f10x_spi.o(.text)
    USART_DeInit                             0x08001445   Thumb Code   134  stm32f10x_usart.o(.text)
    USART_Init                               0x080014cb   Thumb Code   210  stm32f10x_usart.o(.text)
    USART_StructInit                         0x0800159d   Thumb Code    24  stm32f10x_usart.o(.text)
    USART_ClockInit                          0x080015b5   Thumb Code    34  stm32f10x_usart.o(.text)
    USART_ClockStructInit                    0x080015d7   Thumb Code    12  stm32f10x_usart.o(.text)
    USART_Cmd                                0x080015e3   Thumb Code    24  stm32f10x_usart.o(.text)
    USART_ITConfig                           0x080015fb   Thumb Code    74  stm32f10x_usart.o(.text)
    USART_DMACmd                             0x08001645   Thumb Code    18  stm32f10x_usart.o(.text)
    USART_SetAddress                         0x08001657   Thumb Code    18  stm32f10x_usart.o(.text)
    USART_WakeUpConfig                       0x08001669   Thumb Code    18  stm32f10x_usart.o(.text)
    USART_ReceiverWakeUpCmd                  0x0800167b   Thumb Code    24  stm32f10x_usart.o(.text)
    USART_LINBreakDetectLengthConfig         0x08001693   Thumb Code    18  stm32f10x_usart.o(.text)
    USART_LINCmd                             0x080016a5   Thumb Code    24  stm32f10x_usart.o(.text)
    USART_SendData                           0x080016bd   Thumb Code     8  stm32f10x_usart.o(.text)
    USART_ReceiveData                        0x080016c5   Thumb Code    10  stm32f10x_usart.o(.text)
    USART_SendBreak                          0x080016cf   Thumb Code    10  stm32f10x_usart.o(.text)
    USART_SetGuardTime                       0x080016d9   Thumb Code    16  stm32f10x_usart.o(.text)
    USART_SetPrescaler                       0x080016e9   Thumb Code    16  stm32f10x_usart.o(.text)
    USART_SmartCardCmd                       0x080016f9   Thumb Code    24  stm32f10x_usart.o(.text)
    USART_SmartCardNACKCmd                   0x08001711   Thumb Code    24  stm32f10x_usart.o(.text)
    USART_HalfDuplexCmd                      0x08001729   Thumb Code    24  stm32f10x_usart.o(.text)
    USART_OverSampling8Cmd                   0x08001741   Thumb Code    22  stm32f10x_usart.o(.text)
    USART_OneBitMethodCmd                    0x08001757   Thumb Code    24  stm32f10x_usart.o(.text)
    USART_IrDAConfig                         0x0800176f   Thumb Code    18  stm32f10x_usart.o(.text)
    USART_IrDACmd                            0x08001781   Thumb Code    24  stm32f10x_usart.o(.text)
    USART_GetFlagStatus                      0x08001799   Thumb Code    26  stm32f10x_usart.o(.text)
    USART_ClearFlag                          0x080017b3   Thumb Code    18  stm32f10x_usart.o(.text)
    USART_GetITStatus                        0x080017c5   Thumb Code    84  stm32f10x_usart.o(.text)
    USART_ClearITPendingBit                  0x08001819   Thumb Code    52  stm32f10x_usart.o(.text)
    task1                                    0x0800184d   Thumb Code    28  main.o(.text)
    task2                                    0x08001869   Thumb Code    36  main.o(.text)
    create_task1                             0x0800188d   Thumb Code    50  main.o(.text)
    create_task2                             0x080018bf   Thumb Code    50  main.o(.text)
    main                                     0x080018f1   Thumb Code   106  main.o(.text)
    DebugMon_Handler                         0x080019e5   Thumb Code     2  stm32f10x_it.o(.text)
    USART1_IRQHandler                        0x080019e7   Thumb Code    32  stm32f10x_it.o(.text)
    USART_Config                             0x08001a33   Thumb Code   136  bsp_usart.o(.text)
    Usart_SendByte                           0x08001abb   Thumb Code    30  bsp_usart.o(.text)
    Usart_SendArray                          0x08001ad9   Thumb Code    48  bsp_usart.o(.text)
    Usart_SendString                         0x08001b09   Thumb Code    42  bsp_usart.o(.text)
    Usart_SendHalfWord                       0x08001b33   Thumb Code    60  bsp_usart.o(.text)
    fputc                                    0x08001b6f   Thumb Code    32  bsp_usart.o(.text)
    fgetc                                    0x08001b8f   Thumb Code    26  bsp_usart.o(.text)
    SPI_FLASH_Init                           0x08001bb1   Thumb Code   178  bsp_spi_flash.o(.text)
    SPI_FLASH_SendByte                       0x08001c73   Thumb Code   110  bsp_spi_flash.o(.text)
    SPI_FLASH_WaitForWriteEnd                0x08001ce1   Thumb Code    46  bsp_spi_flash.o(.text)
    SPI_FLASH_WriteEnable                    0x08001d0f   Thumb Code    26  bsp_spi_flash.o(.text)
    SPI_FLASH_SectorErase                    0x08001d29   Thumb Code    62  bsp_spi_flash.o(.text)
    SPI_FLASH_BulkErase                      0x08001d67   Thumb Code    34  bsp_spi_flash.o(.text)
    SPI_FLASH_PageWrite                      0x08001d89   Thumb Code    98  bsp_spi_flash.o(.text)
    SPI_FLASH_BufferWrite                    0x08001deb   Thumb Code   290  bsp_spi_flash.o(.text)
    SPI_FLASH_BufferRead                     0x08001f0d   Thumb Code    76  bsp_spi_flash.o(.text)
    SPI_FLASH_ReadID                         0x08001f59   Thumb Code    74  bsp_spi_flash.o(.text)
    SPI_FLASH_ReadDeviceID                   0x08001fa3   Thumb Code   174  bsp_spi_flash.o(.text)
    SPI_FLASH_StartReadSequence              0x08002051   Thumb Code    42  bsp_spi_flash.o(.text)
    SPI_FLASH_ReadByte                       0x0800207b   Thumb Code    10  bsp_spi_flash.o(.text)
    SPI_FLASH_SendHalfWord                   0x08002085   Thumb Code   104  bsp_spi_flash.o(.text)
    SPI_Flash_PowerDown                      0x080020ed   Thumb Code    26  bsp_spi_flash.o(.text)
    SPI_Flash_WAKEUP                         0x08002107   Thumb Code    26  bsp_spi_flash.o(.text)
    GetGBKCode_from_EXFlash                  0x0800212d   Thumb Code    74  fonts.o(.text)
    ILI9341_GramScan                         0x080025b9   Thumb Code   172  bsp_ili9341_lcd.o(.text)
    ILI9341_Rst                              0x08002665   Thumb Code    36  bsp_ili9341_lcd.o(.text)
    ILI9341_BackLed_Control                  0x08002689   Thumb Code    30  bsp_ili9341_lcd.o(.text)
    ILI9341_Init                             0x080026a7   Thumb Code    34  bsp_ili9341_lcd.o(.text)
    ILI9341_OpenWindow                       0x080026c9   Thumb Code    96  bsp_ili9341_lcd.o(.text)
    ILI9341_Clear                            0x0800275d   Thumb Code    40  bsp_ili9341_lcd.o(.text)
    ILI9341_SetPointPixel                    0x08002785   Thumb Code    42  bsp_ili9341_lcd.o(.text)
    ILI9341_GetPointPixel                    0x080027e5   Thumb Code    24  bsp_ili9341_lcd.o(.text)
    ILI9341_DrawLine                         0x080027fd   Thumb Code   160  bsp_ili9341_lcd.o(.text)
    ILI9341_DrawRectangle                    0x0800289d   Thumb Code   132  bsp_ili9341_lcd.o(.text)
    ILI9341_DrawCircle                       0x08002921   Thumb Code   344  bsp_ili9341_lcd.o(.text)
    ILI9341_DispChar_EN                      0x08002a79   Thumb Code   138  bsp_ili9341_lcd.o(.text)
    ILI9341_DispStringLine_EN                0x08002b03   Thumb Code    92  bsp_ili9341_lcd.o(.text)
    ILI9341_DispString_EN                    0x08002b5f   Thumb Code    92  bsp_ili9341_lcd.o(.text)
    ILI9341_DispString_EN_YDir               0x08002bbb   Thumb Code    92  bsp_ili9341_lcd.o(.text)
    ILI9341_DispChar_CH                      0x08002c17   Thumb Code   122  bsp_ili9341_lcd.o(.text)
    ILI9341_DispString_CH                    0x08002c91   Thumb Code    86  bsp_ili9341_lcd.o(.text)
    ILI9341_DispStringLine_EN_CH             0x08002ce7   Thumb Code   168  bsp_ili9341_lcd.o(.text)
    ILI9341_DispString_EN_CH                 0x08002d8f   Thumb Code   168  bsp_ili9341_lcd.o(.text)
    ILI9341_DispString_EN_CH_YDir            0x08002e37   Thumb Code   132  bsp_ili9341_lcd.o(.text)
    ILI9341_zoomChar                         0x08002ebb   Thumb Code   378  bsp_ili9341_lcd.o(.text)
    ILI9341_DrawChar_Ex                      0x08003035   Thumb Code    92  bsp_ili9341_lcd.o(.text)
    ILI9341_DisplayStringEx                  0x08003091   Thumb Code   246  bsp_ili9341_lcd.o(.text)
    ILI9341_DisplayStringEx_YDir             0x08003187   Thumb Code   250  bsp_ili9341_lcd.o(.text)
    LCD_SetFont                              0x08003281   Thumb Code     6  bsp_ili9341_lcd.o(.text)
    LCD_GetFont                              0x08003287   Thumb Code     6  bsp_ili9341_lcd.o(.text)
    LCD_SetColors                            0x0800328d   Thumb Code    10  bsp_ili9341_lcd.o(.text)
    LCD_GetColors                            0x08003297   Thumb Code    14  bsp_ili9341_lcd.o(.text)
    LCD_SetTextColor                         0x080032a5   Thumb Code     6  bsp_ili9341_lcd.o(.text)
    LCD_SetBackColor                         0x080032ab   Thumb Code     6  bsp_ili9341_lcd.o(.text)
    LCD_ClearLine                            0x080032b1   Thumb Code    26  bsp_ili9341_lcd.o(.text)
    osPriqueueInit                           0x080032ed   Thumb Code    64  los_priqueue.o(.text)
    osPriqueueEnqueue                        0x0800332d   Thumb Code    64  los_priqueue.o(.text)
    osPriqueueDequeue                        0x0800336d   Thumb Code    66  los_priqueue.o(.text)
    osPriqueueTop                            0x080033af   Thumb Code    32  los_priqueue.o(.text)
    osPriqueueSize                           0x080033cf   Thumb Code    36  los_priqueue.o(.text)
    osPriqueueTotalSize                      0x080033f3   Thumb Code    28  los_priqueue.o(.text)
    osSwTmrTask                              0x0800342d   Thumb Code    62  los_swtmr.o(.text)
    osSwTmrTaskCreate                        0x0800346b   Thumb Code    50  los_swtmr.o(.text)
    osSwTmrInit                              0x0800349d   Thumb Code   130  los_swtmr.o(.text)
    osSwTmrStart                             0x0800351f   Thumb Code   506  los_swtmr.o(.text)
    osSwtmrStop                              0x08003741   Thumb Code   116  los_swtmr.o(.text)
    osSwtmrScan                              0x08003859   Thumb Code    32  los_swtmr.o(.text)
    osSwtimerInsert                          0x08003879   Thumb Code    74  los_swtmr.o(.text)
    osSwTmrAdjust                            0x080038c3   Thumb Code   124  los_swtmr.o(.text)
    osSwtmrTimeGet                           0x0800393f   Thumb Code    30  los_swtmr.o(.text)
    LOS_SwtmrCreate                          0x0800395d   Thumb Code   178  los_swtmr.o(.text)
    LOS_SwtmrStart                           0x08003a0f   Thumb Code   304  los_swtmr.o(.text)
    LOS_SwtmrStop                            0x08003b3f   Thumb Code   128  los_swtmr.o(.text)
    LOS_SwtmrTimeGet                         0x08003bbf   Thumb Code   182  los_swtmr.o(.text)
    LOS_SwtmrDelete                          0x08003c75   Thumb Code   128  los_swtmr.o(.text)
    LOS_TickCountGet                         0x08003cfd   Thumb Code     6  los_sys.o(.text)
    LOS_CyclePerTickGet                      0x08003d03   Thumb Code    14  los_sys.o(.text)
    LOS_MS2Tick                              0x08003d11   Thumb Code    40  los_sys.o(.text)
    LOS_Tick2MS                              0x08003d39   Thumb Code    28  los_sys.o(.text)
    osCpuTick2MS                             0x08003d55   Thumb Code   120  los_sys.o(.text)
    osCpuTick2US                             0x08003dcd   Thumb Code   120  los_sys.o(.text)
    osIdleTask                               0x08003e7b   Thumb Code     4  los_task.o(.text)
    osTaskPriModify                          0x08003e7f   Thumb Code    56  los_task.o(.text)
    osTaskAdd2TimerList                      0x08003eb7   Thumb Code   188  los_task.o(.text)
    osTimerListDelete                        0x08003f73   Thumb Code    66  los_task.o(.text)
    osTaskScan                               0x08003fb5   Thumb Code   214  los_task.o(.text)
    osConvertTskStatus                       0x0800408b   Thumb Code    86  los_task.o(.text)
    osGetTaskWaterLine                       0x080040e1   Thumb Code   166  los_task.o(.text)
    osGetAllTskInfo                          0x08004187   Thumb Code   234  los_task.o(.text)
    osTaskInit                               0x08004271   Thumb Code   456  los_task.o(.text)
    LOS_TaskCreateOnly                       0x08004439   Thumb Code   354  los_task.o(.text)
    LOS_TaskCreate                           0x0800459b   Thumb Code   140  los_task.o(.text)
    osIdleTaskCreate                         0x08004627   Thumb Code    54  los_task.o(.text)
    LOS_CurTaskIDGet                         0x0800465d   Thumb Code    18  los_task.o(.text)
    LOS_NextTaskIDGet                        0x0800466f   Thumb Code    18  los_task.o(.text)
    LOS_CurTaskNameGet                       0x08004681   Thumb Code    16  los_task.o(.text)
    osTaskSwitchCheck                        0x08004691   Thumb Code   454  los_task.o(.text)
    osTaskMonInit                            0x08004857   Thumb Code    34  los_task.o(.text)
    LOS_TaskDelete                           0x08004879   Thumb Code   334  los_task.o(.text)
    osTaskEntry                              0x080049c7   Thumb Code    40  los_task.o(.text)
    LOS_TaskResume                           0x080049ef   Thumb Code   160  los_task.o(.text)
    LOS_TaskSuspend                          0x08004a8f   Thumb Code   196  los_task.o(.text)
    LOS_TaskYield                            0x08004b53   Thumb Code   136  los_task.o(.text)
    LOS_TaskDelay                            0x08004bdb   Thumb Code   170  los_task.o(.text)
    LOS_TaskPriGet                           0x08004c85   Thumb Code    76  los_task.o(.text)
    LOS_TaskPriSet                           0x08004cd1   Thumb Code   166  los_task.o(.text)
    LOS_CurTaskPriSet                        0x08004d77   Thumb Code    22  los_task.o(.text)
    osTaskWait                               0x08004d8d   Thumb Code    72  los_task.o(.text)
    osTaskWake                               0x08004dd5   Thumb Code    70  los_task.o(.text)
    LOS_TaskLock                             0x08004e1b   Thumb Code    26  los_task.o(.text)
    LOS_TaskUnlock                           0x08004e35   Thumb Code    54  los_task.o(.text)
    LOS_TaskInfoGet                          0x08004e6b   Thumb Code   250  los_task.o(.text)
    LOS_TaskStatusGet                        0x08004f65   Thumb Code    88  los_task.o(.text)
    LOS_TaskSwitchInfoGet                    0x08004fbd   Thumb Code    60  los_task.o(.text)
    LOS_TaskInfoMonitor                      0x08004ff9   Thumb Code    12  los_task.o(.text)
    LOS_TaskIsRunning                        0x08005005   Thumb Code     6  los_task.o(.text)
    LOS_NewTaskIDGet                         0x0800500b   Thumb Code    20  los_task.o(.text)
    LOS_TaskNameGet                          0x0800501f   Thumb Code    66  los_task.o(.text)
    osTickHandler                            0x080050ad   Thumb Code    34  los_tick.o(.text)
    LOS_SysClockGet                          0x080050cf   Thumb Code     6  los_tick.o(.text)
    osTimesliceInit                          0x080050dd   Thumb Code    12  los_timeslice.o(.text)
    osTimesliceCheck                         0x080050e9   Thumb Code    64  los_timeslice.o(.text)
    osMuxInit                                0x08005143   Thumb Code    82  los_mux.o(.text)
    LOS_MuxCreate                            0x08005195   Thumb Code   134  los_mux.o(.text)
    LOS_MuxDelete                            0x0800521b   Thumb Code   136  los_mux.o(.text)
    LOS_MuxPend                              0x080052a3   Thumb Code   320  los_mux.o(.text)
    LOS_MuxPost                              0x080053e3   Thumb Code   210  los_mux.o(.text)
    osQueueInit                              0x08005537   Thumb Code    96  los_queue.o(.text)
    LOS_QueueCreate                          0x08005597   Thumb Code   212  los_queue.o(.text)
    osQueueOperate                           0x080057c7   Thumb Code   440  los_queue.o(.text)
    LOS_QueueReadCopy                        0x0800597f   Thumb Code    54  los_queue.o(.text)
    LOS_QueueWriteHeadCopy                   0x080059b5   Thumb Code    54  los_queue.o(.text)
    LOS_QueueWriteCopy                       0x080059eb   Thumb Code    54  los_queue.o(.text)
    LOS_QueueRead                            0x08005a21   Thumb Code    54  los_queue.o(.text)
    LOS_QueueWrite                           0x08005a57   Thumb Code    52  los_queue.o(.text)
    LOS_QueueWriteHead                       0x08005a8b   Thumb Code    34  los_queue.o(.text)
    osQueueMailAlloc                         0x08005aad   Thumb Code   166  los_queue.o(.text)
    osQueueMailFree                          0x08005b53   Thumb Code   158  los_queue.o(.text)
    LOS_QueueDelete                          0x08005bf1   Thumb Code   168  los_queue.o(.text)
    LOS_QueueInfoGet                         0x08005c99   Thumb Code   228  los_queue.o(.text)
    osSemInit                                0x08005db7   Thumb Code    80  los_sem.o(.text)
    osSemCreate                              0x08005e07   Thumb Code   158  los_sem.o(.text)
    LOS_SemCreate                            0x08005ea5   Thumb Code    20  los_sem.o(.text)
    LOS_BinarySemCreate                      0x08005eb9   Thumb Code    18  los_sem.o(.text)
    LOS_SemDelete                            0x08005ecb   Thumb Code   128  los_sem.o(.text)
    LOS_SemPend                              0x08005f4b   Thumb Code   268  los_sem.o(.text)
    LOS_SemPost                              0x08006057   Thumb Code   160  los_sem.o(.text)
    osHeapPrvGetNext                         0x0800618d   Thumb Code    26  los_heap.o(.text)
    osHeapInit                               0x080061a7   Thumb Code    68  los_heap.o(.text)
    osHeapStatisticsGet                      0x080061eb   Thumb Code    90  los_heap.o(.text)
    osAlarmHeapInfo                          0x08006245   Thumb Code    36  los_heap.o(.text)
    osHeapAlloc                              0x08006269   Thumb Code   292  los_heap.o(.text)
    osHeapAllocAlign                         0x0800638d   Thumb Code    90  los_heap.o(.text)
    osHeapFree                               0x080063e7   Thumb Code   284  los_heap.o(.text)
    osHeapGetHeapMemoryPeak                  0x08006503   Thumb Code     6  los_heap.o(.text)
    osHeapGetMaxFreeBlkSize                  0x08006509   Thumb Code    52  los_heap.o(.text)
    osSlabCtrlHdrGet                         0x08006599   Thumb Code     8  los_memory.o(.text)
    LOS_MemInit                              0x080065a1   Thumb Code   206  los_memory.o(.text)
    osMemSystemInit                          0x0800666f   Thumb Code    20  los_memory.o(.text)
    LOS_MemDeInit                            0x08006683   Thumb Code    96  los_memory.o(.text)
    LOS_MemPoolList                          0x080066e3   Thumb Code    28  los_memory.o(.text)
    LOS_MemAlloc                             0x080066ff   Thumb Code    42  los_memory.o(.text)
    LOS_MemAllocAlign                        0x08006729   Thumb Code    20  los_memory.o(.text)
    LOS_MemFree                              0x0800673d   Thumb Code    52  los_memory.o(.text)
    LOS_MemRealloc                           0x08006771   Thumb Code   174  los_memory.o(.text)
    LOS_MemStatisticsGet                     0x0800681f   Thumb Code   102  los_memory.o(.text)
    LOS_MemGetMaxFreeBlkSize                 0x08006885   Thumb Code    34  los_memory.o(.text)
    osAtomicBitsetInit                       0x080068ed   Thumb Code    46  los_slab.o(.text)
    osAtomicBitsetGetBit                     0x0800691b   Thumb Code    42  los_slab.o(.text)
    osAtomicBitsetClearBit                   0x08006945   Thumb Code    36  los_slab.o(.text)
    osAtomicBitsetFindClearAndSet            0x08006969   Thumb Code    80  los_slab.o(.text)
    osAtomicBitsetIdxChgToNatural            0x080069b9   Thumb Code    42  los_slab.o(.text)
    osAtomicBitsetEmpty                      0x080069e3   Thumb Code    70  los_slab.o(.text)
    osSlabAllocatorNew                       0x08006a29   Thumb Code    92  los_slab.o(.text)
    osSlabAllocatorDestroy                   0x08006a85   Thumb Code    16  los_slab.o(.text)
    osSlabAllocatorAlloc                     0x08006a95   Thumb Code    30  los_slab.o(.text)
    osSlabAllocatorFree                      0x08006ab3   Thumb Code    72  los_slab.o(.text)
    osSlabAllocatorGetNth                    0x08006afb   Thumb Code    30  los_slab.o(.text)
    osSlabAllocatorGetIdxP                   0x08006b19   Thumb Code    12  los_slab.o(.text)
    osSlabAllocatorGetIndex                  0x08006b25   Thumb Code    66  los_slab.o(.text)
    osSlabAllocatorGetNumItems               0x08006b67   Thumb Code    12  los_slab.o(.text)
    osSlabAllocatorEmpty                     0x08006b73   Thumb Code    12  los_slab.o(.text)
    osSlabAllocatorGetUsedItemCnt            0x08006b7f   Thumb Code    36  los_slab.o(.text)
    osSlabAllocatorGetSlabInfo               0x08006ba3   Thumb Code    36  los_slab.o(.text)
    osSlabAllocatorCheck                     0x08006bc7   Thumb Code    64  los_slab.o(.text)
    osSlabBlockHeadFill                      0x08006c07   Thumb Code    18  los_slabmem.o(.text)
    osSlabMemInit                            0x08006c19   Thumb Code   108  los_slabmem.o(.text)
    osSlabMemAlloc                           0x08006c85   Thumb Code   160  los_slabmem.o(.text)
    osSlabMemFree                            0x08006d25   Thumb Code   116  los_slabmem.o(.text)
    osSlabMemDeinit                          0x08006d99   Thumb Code    92  los_slabmem.o(.text)
    osSlabMemCheck                           0x08006df5   Thumb Code   100  los_slabmem.o(.text)
    osSlabStatisticsGet                      0x08006e59   Thumb Code   152  los_slabmem.o(.text)
    osSlabGetMaxFreeBlkSize                  0x08006ef1   Thumb Code    68  los_slabmem.o(.text)
    LOS_MemboxInit                           0x08006f35   Thumb Code   134  los_membox.o(.text)
    LOS_MemboxAlloc                          0x08006fbb   Thumb Code    66  los_membox.o(.text)
    LOS_MemboxFree                           0x08006ffd   Thumb Code   164  los_membox.o(.text)
    LOS_MemboxClr                            0x080070a1   Thumb Code    28  los_membox.o(.text)
    LOS_MemboxStatisticsGet                  0x080070bd   Thumb Code    32  los_membox.o(.text)
    LOS_Align                                0x080070e1   Thumb Code    28  los_misc.o(.text)
    LOS_Msleep                               0x080070fd   Thumb Code    42  los_misc.o(.text)
    LOS_ErrHandle                            0x08007129   Thumb Code    58  los_err.o(.text)
    osEnableFPU                              0x0800716d   Thumb Code    14  los_init.o(.text)
    LOS_Reboot                               0x0800717b   Thumb Code     8  los_init.o(.text)
    LOS_Start                                0x0800718b   Thumb Code    38  los_init.o(.text)
    LOS_KernelInit                           0x080071b1   Thumb Code   174  los_init.o(.text)
    osSchedule                               0x080072e5   Thumb Code     8  los_hw.o(.text)
    LOS_Schedule                             0x080072ed   Thumb Code    56  los_hw.o(.text)
    osTaskExit                               0x08007325   Thumb Code     6  los_hw.o(.text)
    osTskStackInit                           0x0800732b   Thumb Code   132  los_hw.o(.text)
    osEnterSleep                             0x080073af   Thumb Code    12  los_hw.o(.text)
    osTickStart                              0x080073c9   Thumb Code   152  los_hw_tick.o(.text)
    LOS_SysTickCurrCycleGet                  0x08007461   Thumb Code    48  los_hw_tick.o(.text)
    LOS_GetCpuCycle                          0x08007491   Thumb Code   102  los_hw_tick.o(.text)
    LOS_GetSystickCycle                      0x080074f7   Thumb Code    96  los_hw_tick.o(.text)
    SysTick_Handler                          0x08007575   Thumb Code    34  los_hwi.o(.text)
    LOS_StartToRun                           0x080075a1   Thumb Code     0  los_dispatch_keil.o(.text)
    LOS_IntLock                              0x080075e9   Thumb Code     0  los_dispatch_keil.o(.text)
    LOS_IntUnLock                            0x080075f1   Thumb Code     0  los_dispatch_keil.o(.text)
    LOS_IntRestore                           0x080075f9   Thumb Code     0  los_dispatch_keil.o(.text)
    osTaskSchedule                           0x080075ff   Thumb Code     0  los_dispatch_keil.o(.text)
    PendSV_Handler                           0x08007609   Thumb Code     0  los_dispatch_keil.o(.text)
    __aeabi_uldivmod                         0x0800766d   Thumb Code    98  uldiv.o(.text)
    __aeabi_memcpy                           0x080076cf   Thumb Code    36  memcpya.o(.text)
    __aeabi_memcpy4                          0x080076cf   Thumb Code     0  memcpya.o(.text)
    __aeabi_memcpy8                          0x080076cf   Thumb Code     0  memcpya.o(.text)
    __aeabi_memset                           0x080076f3   Thumb Code    14  memseta.o(.text)
    __aeabi_memset4                          0x080076f3   Thumb Code     0  memseta.o(.text)
    __aeabi_memset8                          0x080076f3   Thumb Code     0  memseta.o(.text)
    __aeabi_memclr                           0x08007701   Thumb Code     4  memseta.o(.text)
    __aeabi_memclr4                          0x08007701   Thumb Code     0  memseta.o(.text)
    __aeabi_memclr8                          0x08007701   Thumb Code     0  memseta.o(.text)
    _memset$wrapper                          0x08007705   Thumb Code    18  memseta.o(.text)
    strncpy                                  0x08007717   Thumb Code    24  strncpy.o(.text)
    __aeabi_ddiv                             0x0800772f   Thumb Code   222  ddiv.o(.text)
    __aeabi_ui2d                             0x0800780d   Thumb Code    26  dfltui.o(.text)
    __aeabi_ul2d                             0x08007827   Thumb Code    24  dfltul.o(.text)
    __aeabi_d2ulz                            0x0800783f   Thumb Code    48  dfixul.o(.text)
    __aeabi_llsl                             0x0800786f   Thumb Code    30  llshl.o(.text)
    _ll_shift_l                              0x0800786f   Thumb Code     0  llshl.o(.text)
    __aeabi_llsr                             0x0800788d   Thumb Code    32  llushr.o(.text)
    _ll_ushift_r                             0x0800788d   Thumb Code     0  llushr.o(.text)
    __I$use$fp                               0x080078ad   Thumb Code     0  iusefp.o(.text)
    _double_round                            0x080078ad   Thumb Code    30  depilogue.o(.text)
    _double_epilogue                         0x080078cb   Thumb Code   156  depilogue.o(.text)
    __scatterload                            0x08007969   Thumb Code    28  init.o(.text)
    __scatterload_rt2                        0x08007969   Thumb Code     0  init.o(.text)
    __decompress                             0x0800798d   Thumb Code     0  __dczerorl2.o(.text)
    __decompress1                            0x0800798d   Thumb Code    86  __dczerorl2.o(.text)
    ILI9341_Read_Data                        0x080079e5   Thumb Code     6  bsp_ili9341_lcd.o(i.ILI9341_Read_Data)
    ILI9341_Write_Cmd                        0x080079f1   Thumb Code     8  bsp_ili9341_lcd.o(i.ILI9341_Write_Cmd)
    ILI9341_Write_Data                       0x080079f9   Thumb Code     6  bsp_ili9341_lcd.o(i.ILI9341_Write_Data)
    __0printf$8                              0x08007a05   Thumb Code    22  printf8.o(i.__0printf$8)
    __1printf$8                              0x08007a05   Thumb Code     0  printf8.o(i.__0printf$8)
    __2printf                                0x08007a05   Thumb Code     0  printf8.o(i.__0printf$8)
    __scatterload_copy                       0x08007a25   Thumb Code    14  handlers.o(i.__scatterload_copy)
    __scatterload_null                       0x08007a33   Thumb Code     2  handlers.o(i.__scatterload_null)
    __scatterload_zeroinit                   0x08007a35   Thumb Code    14  handlers.o(i.__scatterload_zeroinit)
    osAtomicBitsetGetNumBits                 0x08007ea7   Thumb Code     6  los_slab.o(i.osAtomicBitsetGetNumBits)
    ASCII8x16_Table                          0x08007eac   Data        1520  fonts.o(.constdata)
    ASCII16x24_Table                         0x0800849c   Data        4560  fonts.o(.constdata)
    ASCII24x32_Table                         0x0800966c   Data        9120  fonts.o(.constdata)
    Region$$Table$$Base                      0x0800bb5c   Number         0  anon$$obj.o(Region$$Table)
    Region$$Table$$Limit                     0x0800bb7c   Number         0  anon$$obj.o(Region$$Table)
    SystemCoreClock                          0x20000000   Data           4  system_stm32f10x.o(.data)
    AHBPrescTable                            0x20000004   Data          16  system_stm32f10x.o(.data)
    Font8x16                                 0x20000034   Data           8  fonts.o(.data)
    Font16x24                                0x2000003c   Data           8  fonts.o(.data)
    Font24x32                                0x20000044   Data           8  fonts.o(.data)
    LCD_X_LENGTH                             0x20000050   Data           2  bsp_ili9341_lcd.o(.data)
    LCD_Y_LENGTH                             0x20000052   Data           2  bsp_ili9341_lcd.o(.data)
    LCD_SCAN_MODE                            0x20000054   Data           1  bsp_ili9341_lcd.o(.data)
    g_pstLosPriorityQueueList                0x20000060   Data           4  los_priqueue.o(.data)
    m_uwSwTmrHandlerQueue                    0x20000068   Data           4  los_swtmr.o(.data)
    m_pstSwtmrCBArray                        0x2000006c   Data           4  los_swtmr.o(.data)
    m_pstSwtmrFreeList                       0x20000070   Data           4  los_swtmr.o(.data)
    m_pstSwtmrSortList                       0x20000074   Data           4  los_swtmr.o(.data)
    g_pstTaskCBArray                         0x20000084   Data           4  los_task.o(.data)
    g_stLosTask                              0x20000088   Data           8  los_task.o(.data)
    g_usLosTaskLock                          0x20000090   Data           2  los_task.o(.data)
    g_uwTskMaxNum                            0x20000094   Data           4  los_task.o(.data)
    g_uwIdleTaskID                           0x20000098   Data           4  los_task.o(.data)
    g_uwSwtmrTaskID                          0x2000009c   Data           4  los_task.o(.data)
    g_stTaskTimerList                        0x200000a0   Data           8  los_task.o(.data)
    g_stLosFreeTask                          0x200000a8   Data           8  los_task.o(.data)
    g_stTskRecyleList                        0x200000b0   Data           8  los_task.o(.data)
    g_stTskSortLink                          0x200000b8   Data           8  los_task.o(.data)
    g_bTaskScheduled                         0x200000c0   Data           4  los_task.o(.data)
    g_pfnTskSwitchHook                       0x200000c4   Data           4  los_task.o(.data)
    g_pfnUsrTskSwitchHook                    0x200000c8   Data           4  los_task.o(.data)
    g_ullTickCount                           0x200000d0   Data           8  los_tick.o(.data)
    g_uwTicksPerSec                          0x200000d8   Data           4  los_tick.o(.data)
    g_uwCyclePerSec                          0x200000dc   Data           4  los_tick.o(.data)
    g_uwCyclesPerTick                        0x200000e0   Data           4  los_tick.o(.data)
    g_uwSysClock                             0x200000e4   Data           4  los_tick.o(.data)
    g_bSysTickStart                          0x200000e8   Data           4  los_tick.o(.data)
    g_stTaskTimeSlice                        0x200000ec   Data           8  los_timeslice.o(.data)
    g_pstAllMux                              0x200000f4   Data           4  los_mux.o(.data)
    g_stUnusedMuxList                        0x200000f8   Data           8  los_mux.o(.data)
    g_pstAllQueue                            0x20000100   Data           4  los_queue.o(.data)
    g_stFreeQueueList                        0x20000104   Data           8  los_queue.o(.data)
    g_stUnusedSemList                        0x2000010c   Data           8  los_sem.o(.data)
    g_pstAllSem                              0x20000114   Data           4  los_sem.o(.data)
    g_pPoolHead                              0x20000128   Data           4  los_memory.o(.data)
    g_stUserErrFunc                          0x2000012c   Data           4  los_err.o(.data)
    m_aucSysMem0                             0x20000130   Data           4  los_init.o(.data)
    __stdout                                 0x20000134   Data           4  stdout.o(.data)
    zoomBuff                                 0x20000138   Data       16384  bsp_ili9341_lcd.o(.bss)
    zoomTempBuff                             0x20004138   Data        1024  bsp_ili9341_lcd.o(.bss)
    m_uwSwTmrAlignID                         0x20004538   Data          64  los_swtmr.o(.bss)
    g_astTskSwitchInfo                       0x20004578   Data         342  los_task.o(.bss)
    Image$$RW_IRAM1$$ZI$$Limit               0x20004ad0   Number         0  anon$$obj.o ABSOLUTE
    __initial_sp                             0x20004ad0   Data           0  startup_stm32f10x_hd.o(STACK)



==============================================================================

Memory Map of the image

  Image Entry point : 0x08000131

  Load Region LR_IROM1 (Base: 0x08000000, Size: 0x0000bcb4, Max: 0x00080000, ABSOLUTE, COMPRESSED[0x0000bbbc])

    Execution Region ER_IROM1 (Exec base: 0x08000000, Load base: 0x08000000, Size: 0x0000bb7c, Max: 0x00080000, ABSOLUTE)

    Exec Addr    Load Addr    Size         Type   Attr      Idx    E Section Name        Object

    0x08000000   0x08000000   0x00000130   Data   RO            3    RESET               startup_stm32f10x_hd.o
    0x08000130   0x08000130   0x00000000   Code   RO         1232  * .ARM.Collect$$$$00000000  mc_w.l(entry.o)
    0x08000130   0x08000130   0x00000004   Code   RO         1514    .ARM.Collect$$$$00000001  mc_w.l(entry2.o)
    0x08000134   0x08000134   0x00000004   Code   RO         1517    .ARM.Collect$$$$00000004  mc_w.l(entry5.o)
    0x08000138   0x08000138   0x00000000   Code   RO         1519    .ARM.Collect$$$$00000008  mc_w.l(entry7b.o)
    0x08000138   0x08000138   0x00000000   Code   RO         1521    .ARM.Collect$$$$0000000A  mc_w.l(entry8b.o)
    0x08000138   0x08000138   0x00000008   Code   RO         1522    .ARM.Collect$$$$0000000B  mc_w.l(entry9a.o)
    0x08000140   0x08000140   0x00000000   Code   RO         1524    .ARM.Collect$$$$0000000D  mc_w.l(entry10a.o)
    0x08000140   0x08000140   0x00000000   Code   RO         1526    .ARM.Collect$$$$0000000F  mc_w.l(entry11a.o)
    0x08000140   0x08000140   0x00000004   Code   RO         1515    .ARM.Collect$$$$00002712  mc_w.l(entry2.o)
    0x08000144   0x08000144   0x00000006   Code   RO         1213    .emb_text           los_hwi.o
    0x0800014a   0x0800014a   0x00000002   PAD
    0x0800014c   0x0800014c   0x00000024   Code   RO            4    .text               startup_stm32f10x_hd.o
    0x08000170   0x08000170   0x000001e0   Code   RO           24    .text               system_stm32f10x.o
    0x08000350   0x08000350   0x000000dc   Code   RO           91    .text               misc.o
    0x0800042c   0x0800042c   0x0000060c   Code   RO          245    .text               stm32f10x_fsmc.o
    0x08000a38   0x08000a38   0x0000035c   Code   RO          257    .text               stm32f10x_gpio.o
    0x08000d94   0x08000d94   0x000003a4   Code   RO          311    .text               stm32f10x_rcc.o
    0x08001138   0x08001138   0x0000030c   Code   RO          352    .text               stm32f10x_spi.o
    0x08001444   0x08001444   0x00000408   Code   RO          376    .text               stm32f10x_usart.o
    0x0800184c   0x0800184c   0x00000198   Code   RO          403    .text               main.o
    0x080019e4   0x080019e4   0x00000028   Code   RO          495    .text               stm32f10x_it.o
    0x08001a0c   0x08001a0c   0x000001a4   Code   RO          514    .text               bsp_usart.o
    0x08001bb0   0x08001bb0   0x0000057c   Code   RO          526    .text               bsp_spi_flash.o
    0x0800212c   0x0800212c   0x00000054   Code   RO          540    .text               fonts.o
    0x08002180   0x08002180   0x0000116c   Code   RO          559    .text               bsp_ili9341_lcd.o
    0x080032ec   0x080032ec   0x00000140   Code   RO          602    .text               los_priqueue.o
    0x0800342c   0x0800342c   0x000008d0   Code   RO          685    .text               los_swtmr.o
    0x08003cfc   0x08003cfc   0x0000015c   Code   RO          753    .text               los_sys.o
    0x08003e58   0x08003e58   0x00001254   Code   RO          778    .text               los_task.o
    0x080050ac   0x080050ac   0x00000030   Code   RO          827    .text               los_tick.o
    0x080050dc   0x080050dc   0x00000058   Code   RO          872    .text               los_timeslice.o
    0x08005134   0x08005134   0x000003f4   Code   RO          922    .text               los_mux.o
    0x08005528   0x08005528   0x00000880   Code   RO          960    .text               los_queue.o
    0x08005da8   0x08005da8   0x000003e4   Code   RO          992    .text               los_sem.o
    0x0800618c   0x0800618c   0x0000040c   Code   RO         1013    .text               los_heap.o
    0x08006598   0x08006598   0x00000354   Code   RO         1027    .text               los_memory.o
    0x080068ec   0x080068ec   0x0000031a   Code   RO         1070    .text               los_slab.o
    0x08006c06   0x08006c06   0x0000032e   Code   RO         1090    .text               los_slabmem.o
    0x08006f34   0x08006f34   0x000001ac   Code   RO         1102    .text               los_membox.o
    0x080070e0   0x080070e0   0x00000046   Code   RO         1114    .text               los_misc.o
    0x08007126   0x08007126   0x00000002   PAD
    0x08007128   0x08007128   0x00000044   Code   RO         1126    .text               los_err.o
    0x0800716c   0x0800716c   0x00000178   Code   RO         1147    .text               los_init.o
    0x080072e4   0x080072e4   0x000000e4   Code   RO         1185    .text               los_hw.o
    0x080073c8   0x080073c8   0x000001ac   Code   RO         1197    .text               los_hw_tick.o
    0x08007574   0x08007574   0x0000002c   Code   RO         1214    .text               los_hwi.o
    0x080075a0   0x080075a0   0x000000cc   Code   RO         1229    .text               los_dispatch_keil.o
    0x0800766c   0x0800766c   0x00000062   Code   RO         1235    .text               mc_w.l(uldiv.o)
    0x080076ce   0x080076ce   0x00000024   Code   RO         1237    .text               mc_w.l(memcpya.o)
    0x080076f2   0x080076f2   0x00000024   Code   RO         1239    .text               mc_w.l(memseta.o)
    0x08007716   0x08007716   0x00000018   Code   RO         1241    .text               mc_w.l(strncpy.o)
    0x0800772e   0x0800772e   0x000000de   Code   RO         1506    .text               mf_w.l(ddiv.o)
    0x0800780c   0x0800780c   0x0000001a   Code   RO         1508    .text               mf_w.l(dfltui.o)
    0x08007826   0x08007826   0x00000018   Code   RO         1510    .text               mf_w.l(dfltul.o)
    0x0800783e   0x0800783e   0x00000030   Code   RO         1512    .text               mf_w.l(dfixul.o)
    0x0800786e   0x0800786e   0x0000001e   Code   RO         1531    .text               mc_w.l(llshl.o)
    0x0800788c   0x0800788c   0x00000020   Code   RO         1533    .text               mc_w.l(llushr.o)
    0x080078ac   0x080078ac   0x00000000   Code   RO         1535    .text               mc_w.l(iusefp.o)
    0x080078ac   0x080078ac   0x000000ba   Code   RO         1536    .text               mf_w.l(depilogue.o)
    0x08007966   0x08007966   0x00000002   PAD
    0x08007968   0x08007968   0x00000024   Code   RO         1544    .text               mc_w.l(init.o)
    0x0800798c   0x0800798c   0x00000056   Code   RO         1556    .text               mc_w.l(__dczerorl2.o)
    0x080079e2   0x080079e2   0x00000002   PAD
    0x080079e4   0x080079e4   0x0000000c   Code   RO          582    i.ILI9341_Read_Data  bsp_ili9341_lcd.o
    0x080079f0   0x080079f0   0x00000008   Code   RO          572    i.ILI9341_Write_Cmd  bsp_ili9341_lcd.o
    0x080079f8   0x080079f8   0x0000000c   Code   RO          577    i.ILI9341_Write_Data  bsp_ili9341_lcd.o
    0x08007a04   0x08007a04   0x00000020   Code   RO         1452    i.__0printf$8       mc_w.l(printf8.o)
    0x08007a24   0x08007a24   0x0000000e   Code   RO         1550    i.__scatterload_copy  mc_w.l(handlers.o)
    0x08007a32   0x08007a32   0x00000002   Code   RO         1551    i.__scatterload_null  mc_w.l(handlers.o)
    0x08007a34   0x08007a34   0x0000000e   Code   RO         1552    i.__scatterload_zeroinit  mc_w.l(handlers.o)
    0x08007a42   0x08007a42   0x00000002   PAD
    0x08007a44   0x08007a44   0x00000410   Code   RO         1459    i._printf_core      mc_w.l(printf8.o)
    0x08007e54   0x08007e54   0x00000024   Code   RO         1460    i._printf_post_padding  mc_w.l(printf8.o)
    0x08007e78   0x08007e78   0x0000002e   Code   RO         1461    i._printf_pre_padding  mc_w.l(printf8.o)
    0x08007ea6   0x08007ea6   0x00000006   Code   RO         1079    i.osAtomicBitsetGetNumBits  los_slab.o
    0x08007eac   0x08007eac   0x00003b60   Data   RO          541    .constdata          fonts.o
    0x0800ba0c   0x0800ba0c   0x00000150   Data   RO          780    .conststring        los_task.o
    0x0800bb5c   0x0800bb5c   0x00000020   Data   RO         1548    Region$$Table       anon$$obj.o


    Execution Region RW_IRAM1 (Exec base: 0x20000000, Load base: 0x0800bb7c, Size: 0x00004ad0, Max: 0x00010000, ABSOLUTE, COMPRESSED[0x00000040])

    Exec Addr    Load Addr    Size         Type   Attr      Idx    E Section Name        Object

    0x20000000   COMPRESSED   0x00000014   Data   RW           25    .data               system_stm32f10x.o
    0x20000014   COMPRESSED   0x00000014   Data   RW          312    .data               stm32f10x_rcc.o
    0x20000028   COMPRESSED   0x00000008   Data   RW          404    .data               main.o
    0x20000030   COMPRESSED   0x00000004   Data   RW          527    .data               bsp_spi_flash.o
    0x20000034   COMPRESSED   0x00000019   Data   RW          542    .data               fonts.o
    0x2000004d   COMPRESSED   0x00000003   PAD
    0x20000050   COMPRESSED   0x00000010   Data   RW          561    .data               bsp_ili9341_lcd.o
    0x20000060   COMPRESSED   0x00000008   Data   RW          603    .data               los_priqueue.o
    0x20000068   COMPRESSED   0x0000001c   Data   RW          687    .data               los_swtmr.o
    0x20000084   COMPRESSED   0x00000048   Data   RW          781    .data               los_task.o
    0x200000cc   COMPRESSED   0x00000004   PAD
    0x200000d0   COMPRESSED   0x0000001c   Data   RW          828    .data               los_tick.o
    0x200000ec   COMPRESSED   0x00000008   Data   RW          873    .data               los_timeslice.o
    0x200000f4   COMPRESSED   0x0000000c   Data   RW          923    .data               los_mux.o
    0x20000100   COMPRESSED   0x0000000c   Data   RW          961    .data               los_queue.o
    0x2000010c   COMPRESSED   0x0000000c   Data   RW          993    .data               los_sem.o
    0x20000118   COMPRESSED   0x00000010   Data   RW         1014    .data               los_heap.o
    0x20000128   COMPRESSED   0x00000004   Data   RW         1028    .data               los_memory.o
    0x2000012c   COMPRESSED   0x00000004   Data   RW         1127    .data               los_err.o
    0x20000130   COMPRESSED   0x00000004   Data   RW         1148    .data               los_init.o
    0x20000134   COMPRESSED   0x00000004   Data   RW         1528    .data               mc_w.l(stdout.o)
    0x20000138        -       0x00004400   Zero   RW          560    .bss                bsp_ili9341_lcd.o
    0x20004538        -       0x00000040   Zero   RW          686    .bss                los_swtmr.o
    0x20004578        -       0x00000156   Zero   RW          779    .bss                los_task.o
    0x200046ce   COMPRESSED   0x00000002   PAD
    0x200046d0        -       0x00000400   Zero   RW            1    STACK               startup_stm32f10x_hd.o


==============================================================================

Image component sizes


      Code (inc. data)   RO Data    RW Data    ZI Data      Debug   Object Name

      4492        110          0         16      17408      16655   bsp_ili9341_lcd.o
      1404        128          0          4          0       5156   bsp_spi_flash.o
       420          8          0          0          0       2610   bsp_usart.o
         0          0          0          0          0       4508   core_cm3.o
        84         10      15200         25          0       2175   fonts.o
       204         24          0          0          0        428   los_dispatch_keil.o
        68         10          0          4          0       2426   los_err.o
      1036         92          0         16          0       5386   los_heap.o
       228         14          0          0          0       1833   los_hw.o
       428         30          0          0          0      17477   los_hw_tick.o
        50         10          0          0          0        906   los_hwi.o
       376        134          0          4          0       1909   los_init.o
       428          4          0          0          0       3910   los_membox.o
         0          0          0          0          0        736   los_memcheck.o
       852         70          0          4          0       5607   los_memory.o
        70          0          0          0          0        847   los_misc.o
      1012         94          0         12          0      13736   los_mux.o
       320         14          0          8          0      16554   los_priqueue.o
      2176         86          0         12          0      21065   los_queue.o
       996        128          0         12          0       5568   los_sem.o
       800          0          0          0          0       7694   los_slab.o
       814          0          0          0          0       5216   los_slabmem.o
      2256         84          0         28         64      19189   los_swtmr.o
       348         20          0          0          0       4313   los_sys.o
      4692        504        336         72        342      25168   los_task.o
        48          8          0         28          0       8216   los_tick.o
        88         12          0          8          0        951   los_timeslice.o
       408        138          0          8          0       9900   main.o
       220         22          0          0          0       1797   misc.o
        36          8        304          0       1024        852   startup_stm32f10x_hd.o
      1548         18          0          0          0       5371   stm32f10x_fsmc.o
       860         38          0          0          0       5725   stm32f10x_gpio.o
        40          6          0          0          0       1881   stm32f10x_it.o
       932         36          0         20          0       8896   stm32f10x_rcc.o
       780         14          0          0          0       6610   stm32f10x_spi.o
      1032         22          0          0          0       8456   stm32f10x_usart.o
       480         38          0         20          0     244695   system_stm32f10x.o

    ----------------------------------------------------------------------
     30030       1934      15872        308      18840     494422   Object Totals
         0          0         32          0          0          0   (incl. Generated)
         4          0          0          7          2          0   (incl. Padding)

    ----------------------------------------------------------------------

      Code (inc. data)   RO Data    RW Data    ZI Data      Debug   Library Member Name

        86          0          0          0          0          0   __dczerorl2.o
         0          0          0          0          0          0   entry.o
         0          0          0          0          0          0   entry10a.o
         0          0          0          0          0          0   entry11a.o
         8          4          0          0          0          0   entry2.o
         4          0          0          0          0          0   entry5.o
         0          0          0          0          0          0   entry7b.o
         0          0          0          0          0          0   entry8b.o
         8          4          0          0          0          0   entry9a.o
        30          0          0          0          0          0   handlers.o
        36          8          0          0          0         68   init.o
         0          0          0          0          0          0   iusefp.o
        30          0          0          0          0         68   llshl.o
        32          0          0          0          0         68   llushr.o
        36          0          0          0          0         68   memcpya.o
        36          0          0          0          0        108   memseta.o
      1154         54          0          0          0        352   printf8.o
         0          0          0          4          0          0   stdout.o
        24          0          0          0          0         76   strncpy.o
        98          0          0          0          0         92   uldiv.o
       222          0          0          0          0        100   ddiv.o
       186          0          0          0          0        176   depilogue.o
        48          0          0          0          0         68   dfixul.o
        26          0          0          0          0         76   dfltui.o
        24          0          0          0          0         76   dfltul.o

    ----------------------------------------------------------------------
      2094         70          0          4          0       1396   Library Totals
         6          0          0          0          0          0   (incl. Padding)

    ----------------------------------------------------------------------

      Code (inc. data)   RO Data    RW Data    ZI Data      Debug   Library Name

      1582         70          0          4          0        900   mc_w.l
       506          0          0          0          0        496   mf_w.l

    ----------------------------------------------------------------------
      2094         70          0          4          0       1396   Library Totals

    ----------------------------------------------------------------------

==============================================================================


      Code (inc. data)   RO Data    RW Data    ZI Data      Debug   

     32124       2004      15872        312      18840     492150   Grand Totals
     32124       2004      15872         64      18840     492150   ELF Image Totals (compressed)
     32124       2004      15872         64          0          0   ROM Totals

==============================================================================

    Total RO  Size (Code + RO Data)                47996 (  46.87kB)
    Total RW  Size (RW Data + ZI Data)             19152 (  18.70kB)
    Total ROM Size (Code + RO Data + RW Data)      48060 (  46.93kB)

==============================================================================

